[    0.000000] Linux version 6.8.0-40-generic (buildd@lcy02-amd64-078) (x86_64-linux-gnu-gcc-12 (Ubuntu 12.3.0-1ubuntu1~22.04) 12.3.0, GNU ld (GNU Binutils for Ubuntu) 2.38) #40~22.04.3-Ubuntu SMP PREEMPT_DYNAMIC Tue Jul 30 17:30:19 UTC 2 (Ubuntu 6.8.0-40.40~22.04.3-generic 6.8.12)
[    0.000000] Command line: BOOT_IMAGE=/boot/vmlinuz-6.8.0-40-generic root=UUID=5466ccde-62a9-4a11-b86d-b60cbd86597f ro quiet splash vt.handoff=7
[    0.000000] KERNEL supported cpus:
[    0.000000]   Intel GenuineIntel
[    0.000000]   AMD AuthenticAMD
[    0.000000]   Hygon HygonGenuine
[    0.000000]   Centaur CentaurHauls
[    0.000000]   zhaoxin   Shanghai  
[    0.000000] x86/tme: not enabled by BIOS
[    0.000000] x86/split lock detection: #AC: crashing the kernel on kernel split_locks and warning on user-space split_locks
[    0.000000] BIOS-provided physical RAM map:
[    0.000000] BIOS-e820: [mem 0x0000000000000000-0x000000000009ffff] usable
[    0.000000] BIOS-e820: [mem 0x00000000000a0000-0x00000000000fffff] reserved
[    0.000000] BIOS-e820: [mem 0x0000000000100000-0x000000006917efff] usable
[    0.000000] BIOS-e820: [mem 0x000000006917f000-0x00000000766fefff] reserved
[    0.000000] BIOS-e820: [mem 0x00000000766ff000-0x0000000076cfefff] ACPI NVS
[    0.000000] BIOS-e820: [mem 0x0000000076cff000-0x00000000777fefff] ACPI data
[    0.000000] BIOS-e820: [mem 0x00000000777ff000-0x00000000777fffff] usable
[    0.000000] BIOS-e820: [mem 0x0000000077800000-0x000000008fffffff] reserved
[    0.000000] BIOS-e820: [mem 0x00000000fe010000-0x00000000fe010fff] reserved
[    0.000000] BIOS-e820: [mem 0x00000000ff000000-0x00000000ffffffff] reserved
[    0.000000] BIOS-e820: [mem 0x0000000100000000-0x000000b07fffffff] usable
[    0.000000] BIOS-e820: [mem 0x000000b080000000-0x000000d07fffffff] soft reserved
[    0.000000] NX (Execute Disable) protection: active
[    0.000000] APIC: Static calls initialized
[    0.000000] e820: update [mem 0x514ed018-0x514f5057] usable ==> usable
[    0.000000] e820: update [mem 0x514ed018-0x514f5057] usable ==> usable
[    0.000000] e820: update [mem 0x4efe3018-0x4f026c57] usable ==> usable
[    0.000000] e820: update [mem 0x4efe3018-0x4f026c57] usable ==> usable
[    0.000000] e820: update [mem 0x4f749018-0x4f76b257] usable ==> usable
[    0.000000] e820: update [mem 0x4f749018-0x4f76b257] usable ==> usable
[    0.000000] e820: update [mem 0x514e5018-0x514ec457] usable ==> usable
[    0.000000] e820: update [mem 0x514e5018-0x514ec457] usable ==> usable
[    0.000000] e820: update [mem 0x514dd018-0x514e4457] usable ==> usable
[    0.000000] e820: update [mem 0x514dd018-0x514e4457] usable ==> usable
[    0.000000] extended physical RAM map:
[    0.000000] reserve setup_data: [mem 0x0000000000000000-0x000000000009ffff] usable
[    0.000000] reserve setup_data: [mem 0x00000000000a0000-0x00000000000fffff] reserved
[    0.000000] reserve setup_data: [mem 0x0000000000100000-0x000000004efe3017] usable
[    0.000000] reserve setup_data: [mem 0x000000004efe3018-0x000000004f026c57] usable
[    0.000000] reserve setup_data: [mem 0x000000004f026c58-0x000000004f749017] usable
[    0.000000] reserve setup_data: [mem 0x000000004f749018-0x000000004f76b257] usable
[    0.000000] reserve setup_data: [mem 0x000000004f76b258-0x00000000514dd017] usable
[    0.000000] reserve setup_data: [mem 0x00000000514dd018-0x00000000514e4457] usable
[    0.000000] reserve setup_data: [mem 0x00000000514e4458-0x00000000514e5017] usable
[    0.000000] reserve setup_data: [mem 0x00000000514e5018-0x00000000514ec457] usable
[    0.000000] reserve setup_data: [mem 0x00000000514ec458-0x00000000514ed017] usable
[    0.000000] reserve setup_data: [mem 0x00000000514ed018-0x00000000514f5057] usable
[    0.000000] reserve setup_data: [mem 0x00000000514f5058-0x000000006917efff] usable
[    0.000000] reserve setup_data: [mem 0x000000006917f000-0x00000000766fefff] reserved
[    0.000000] reserve setup_data: [mem 0x00000000766ff000-0x0000000076cfefff] ACPI NVS
[    0.000000] reserve setup_data: [mem 0x0000000076cff000-0x00000000777fefff] ACPI data
[    0.000000] reserve setup_data: [mem 0x00000000777ff000-0x00000000777fffff] usable
[    0.000000] reserve setup_data: [mem 0x0000000077800000-0x000000008fffffff] reserved
[    0.000000] reserve setup_data: [mem 0x00000000fe010000-0x00000000fe010fff] reserved
[    0.000000] reserve setup_data: [mem 0x00000000ff000000-0x00000000ffffffff] reserved
[    0.000000] reserve setup_data: [mem 0x0000000100000000-0x000000b07fffffff] usable
[    0.000000] reserve setup_data: [mem 0x000000b080000000-0x000000d07fffffff] soft reserved
[    0.000000] efi: EFI v2.8 by XFUSION
[    0.000000] efi: ACPI=0x777fe000 ACPI 2.0=0x777fe014 SMBIOS=0x69de4000 SMBIOS 3.0=0x69de2000 MEMATTR=0x5184d418 ESRT=0x53804618 MOKvar=0x69de5000 RNG=0x773db018 
[    0.000000] random: crng init done
[    0.000000] efi: Remove mem176: MMIO range=[0x80000000-0x8fffffff] (256MB) from e820 map
[    0.000000] e820: remove [mem 0x80000000-0x8fffffff] reserved
[    0.000000] efi: Not removing mem177: MMIO range=[0xfe010000-0xfe010fff] (4KB) from e820 map
[    0.000000] efi: Remove mem178: MMIO range=[0xff000000-0xffffffff] (16MB) from e820 map
[    0.000000] e820: remove [mem 0xff000000-0xffffffff] reserved
[    0.000000] secureboot: Secure boot disabled
[    0.000000] SMBIOS 3.4.0 present.
[    0.000000] DMI: XFUSION 2288H V7/BC15MBSA, BIOS 01.01.03.05 04/12/2024
[    0.000000] tsc: Detected 2400.000 MHz processor
[    0.000017] e820: update [mem 0x00000000-0x00000fff] usable ==> reserved
[    0.000021] e820: remove [mem 0x000a0000-0x000fffff] usable
[    0.000034] last_pfn = 0xb080000 max_arch_pfn = 0x10000000000
[    0.000043] total RAM covered: 1046528M
[    0.000190] Found optimal setting for mtrr clean up
[    0.000192]  gran_size: 64K 	chunk_size: 64K 	num_reg: 9  	lose cover RAM: 0G
[    0.000198] MTRR map: 7 entries (5 fixed + 2 variable; max 25), built from 10 variable MTRRs
[    0.000201] x86/PAT: Configuration [0-7]: WB  WC  UC- UC  WB  WP  UC- WT  
[    0.001563] e820: update [mem 0x80000000-0xffffffff] usable ==> reserved
[    0.001567] x2apic: enabled by BIOS, switching to x2apic ops
[    0.001570] last_pfn = 0x77800 max_arch_pfn = 0x10000000000
[    0.010295] esrt: Reserving ESRT space from 0x0000000053804618 to 0x0000000053804678.
[    0.010306] e820: update [mem 0x53804000-0x53804fff] usable ==> reserved
[    0.010349] Using GB pages for direct mapping
[    0.010574] secureboot: Secure boot disabled
[    0.010575] RAMDISK: [mem 0x42a4a000-0x46ef9fff]
[    0.010583] ACPI: Early table checksum verification disabled
[    0.010589] ACPI: RSDP 0x00000000777FE014 000024 (v02 XF    )
[    0.010595] ACPI: XSDT 0x000000007756D188 00011C (v01 XF     EGLSTRM  00000002 INTL 01000013)
[    0.010605] ACPI: FACP 0x00000000777F3000 000114 (v06 XF     EGLSTRM  00000002 ACPI 00040000)
[    0.010612] ACPI: DSDT 0x000000007770D000 0E0691 (v02 XF     EGLSTRM  00000002 ACPI 00040000)
[    0.010616] ACPI: FACS 0x0000000076C92000 000040
[    0.010619] ACPI: UEFI 0x0000000076CFE000 0001CF (v01 XF     EGLSTRM  00000001 ACPI 00040000)
[    0.010622] ACPI: CEDT 0x00000000777FC000 000064 (v01 XF     EGLSTRM  00000002 ACPI 00040000)
[    0.010625] ACPI: SSDT 0x00000000777FA000 0002E7 (v02 XF     EGLSTRM  00001000 ACPI 00040000)
[    0.010629] ACPI: SPMI 0x00000000777F9000 000041 (v05 XF     EGLSTRM  00000001 ACPI 00040000)
[    0.010632] ACPI: SSDT 0x00000000777F8000 000705 (v02 XF     EGLSTRM  00000001 ACPI 00040000)
[    0.010635] ACPI: ERST 0x00000000777F7000 000230 (v01 XF     EGLSTRM  00000001 ACPI 00040000)
[    0.010638] ACPI: SSDT 0x00000000777F6000 00076E (v02 XF     EGLSTRM  00000001 ACPI 00040000)
[    0.010641] ACPI: BERT 0x00000000777F5000 000030 (v01 XF     EGLSTRM  00000001 ACPI 00040000)
[    0.010645] ACPI: BDAT 0x00000000777F4000 000030 (v01 XF     EGLSTRM  00000002 ACPI 00040000)
[    0.010648] ACPI: HPET 0x00000000777F2000 000038 (v01 XF     EGLSTRM  00000002 ACPI 00040000)
[    0.010651] ACPI: MCFG 0x00000000777F1000 00003C (v01 XF     EGLSTRM  00000002 ACPI 00040000)
[    0.010654] ACPI: MSCT 0x00000000777F0000 000090 (v01 XF     EGLSTRM  00000002 ACPI 00040000)
[    0.010657] ACPI: SPCR 0x00000000777EF000 000050 (v02 XF     EGLSTRM  00000002 ACPI 00040000)
[    0.010660] ACPI: WSMT 0x00000000777EE000 000028 (v01 XF     EGLSTRM  00000002 ACPI 00040000)
[    0.010663] ACPI: APIC 0x000000007770C000 000C5E (v05 XF     EGLSTRM  00000000 ACPI 00040000)
[    0.010667] ACPI: OEM4 0x000000007756E000 193E51 (v02 INTEL  CPU  CST 00003000 INTL 20210331)
[    0.010670] ACPI: OEM1 0x0000000077459000 113479 (v02 INTEL  CPU EIST 00003000 INTL 20210331)
[    0.010673] ACPI: SSDT 0x00000000773EB000 06DC9C (v02 XF     EGLSTRM  00000002 ACPI 00040000)
[    0.010677] ACPI: SSDT 0x00000000777FD000 000957 (v02 XF     EGLSTRM  00000000 ACPI 00040000)
[    0.010680] ACPI: HEST 0x00000000773EA000 00013C (v01 XF     EGLSTRM  00000001 ACPI 00040000)
[    0.010683] ACPI: SSDT 0x00000000773E9000 0007CB (v02 XF     EGLSTRM  00000001 ACPI 00040000)
[    0.010686] ACPI: SSDT 0x00000000773E0000 0078BA (v02 XF     EGLSTRM  00000002 ACPI 00040000)
[    0.010689] ACPI: DMAR 0x00000000773E8000 000498 (v01 XF     EGLSTRM  00000001 ACPI 00040000)
[    0.010692] ACPI: SSDT 0x00000000773DF000 00037A (v02 XF     EGLSTRM  00001000 ACPI 00040000)
[    0.010695] ACPI: FPDT 0x00000000773DE000 000044 (v01 XF     EGLSTRM  00000002 ACPI 00040000)
[    0.010699] ACPI: BGRT 0x00000000773DD000 000038 (v01 XF     EGLSTRM  00000001 ACPI 00040000)
[    0.010702] ACPI: SSDT 0x00000000773DC000 0000FD (v02 XF     EGLSTRM  00001000 ACPI 00040000)
[    0.010705] ACPI: SRAT 0x0000000077704000 007880 (v03 XF     EGLSTRM  00000002 ACPI 00040000)
[    0.010708] ACPI: SLIT 0x0000000077703000 00003C (v01 XF     EGLSTRM  00000002 ACPI 00040000)
[    0.010711] ACPI: HMAT 0x0000000077702000 0001E8 (v02 XF     EGLSTRM  00000002 ACPI 00040000)
[    0.010714] ACPI: Reserving FACP table memory at [mem 0x777f3000-0x777f3113]
[    0.010716] ACPI: Reserving DSDT table memory at [mem 0x7770d000-0x777ed690]
[    0.010717] ACPI: Reserving FACS table memory at [mem 0x76c92000-0x76c9203f]
[    0.010718] ACPI: Reserving UEFI table memory at [mem 0x76cfe000-0x76cfe1ce]
[    0.010719] ACPI: Reserving CEDT table memory at [mem 0x777fc000-0x777fc063]
[    0.010720] ACPI: Reserving SSDT table memory at [mem 0x777fa000-0x777fa2e6]
[    0.010721] ACPI: Reserving SPMI table memory at [mem 0x777f9000-0x777f9040]
[    0.010722] ACPI: Reserving SSDT table memory at [mem 0x777f8000-0x777f8704]
[    0.010723] ACPI: Reserving ERST table memory at [mem 0x777f7000-0x777f722f]
[    0.010724] ACPI: Reserving SSDT table memory at [mem 0x777f6000-0x777f676d]
[    0.010725] ACPI: Reserving BERT table memory at [mem 0x777f5000-0x777f502f]
[    0.010726] ACPI: Reserving BDAT table memory at [mem 0x777f4000-0x777f402f]
[    0.010727] ACPI: Reserving HPET table memory at [mem 0x777f2000-0x777f2037]
[    0.010728] ACPI: Reserving MCFG table memory at [mem 0x777f1000-0x777f103b]
[    0.010729] ACPI: Reserving MSCT table memory at [mem 0x777f0000-0x777f008f]
[    0.010730] ACPI: Reserving SPCR table memory at [mem 0x777ef000-0x777ef04f]
[    0.010731] ACPI: Reserving WSMT table memory at [mem 0x777ee000-0x777ee027]
[    0.010732] ACPI: Reserving APIC table memory at [mem 0x7770c000-0x7770cc5d]
[    0.010733] ACPI: Reserving OEM4 table memory at [mem 0x7756e000-0x77701e50]
[    0.010734] ACPI: Reserving OEM1 table memory at [mem 0x77459000-0x7756c478]
[    0.010735] ACPI: Reserving SSDT table memory at [mem 0x773eb000-0x77458c9b]
[    0.010736] ACPI: Reserving SSDT table memory at [mem 0x777fd000-0x777fd956]
[    0.010737] ACPI: Reserving HEST table memory at [mem 0x773ea000-0x773ea13b]
[    0.010738] ACPI: Reserving SSDT table memory at [mem 0x773e9000-0x773e97ca]
[    0.010739] ACPI: Reserving SSDT table memory at [mem 0x773e0000-0x773e78b9]
[    0.010740] ACPI: Reserving DMAR table memory at [mem 0x773e8000-0x773e8497]
[    0.010741] ACPI: Reserving SSDT table memory at [mem 0x773df000-0x773df379]
[    0.010742] ACPI: Reserving FPDT table memory at [mem 0x773de000-0x773de043]
[    0.010743] ACPI: Reserving BGRT table memory at [mem 0x773dd000-0x773dd037]
[    0.010744] ACPI: Reserving SSDT table memory at [mem 0x773dc000-0x773dc0fc]
[    0.010745] ACPI: Reserving SRAT table memory at [mem 0x77704000-0x7770b87f]
[    0.010746] ACPI: Reserving SLIT table memory at [mem 0x77703000-0x7770303b]
[    0.010747] ACPI: Reserving HMAT table memory at [mem 0x77702000-0x777021e7]
[    0.010808] APIC: Switched APIC routing to: cluster x2apic
[    0.010869] SRAT: PXM 0 -> APIC 0x0000 -> Node 0
[    0.010870] SRAT: PXM 0 -> APIC 0x0001 -> Node 0
[    0.010871] SRAT: PXM 0 -> APIC 0x0002 -> Node 0
[    0.010872] SRAT: PXM 0 -> APIC 0x0003 -> Node 0
[    0.010873] SRAT: PXM 0 -> APIC 0x0004 -> Node 0
[    0.010874] SRAT: PXM 0 -> APIC 0x0005 -> Node 0
[    0.010875] SRAT: PXM 0 -> APIC 0x0006 -> Node 0
[    0.010875] SRAT: PXM 0 -> APIC 0x0007 -> Node 0
[    0.010876] SRAT: PXM 0 -> APIC 0x0008 -> Node 0
[    0.010877] SRAT: PXM 0 -> APIC 0x0009 -> Node 0
[    0.010878] SRAT: PXM 0 -> APIC 0x000a -> Node 0
[    0.010879] SRAT: PXM 0 -> APIC 0x000b -> Node 0
[    0.010879] SRAT: PXM 0 -> APIC 0x000c -> Node 0
[    0.010880] SRAT: PXM 0 -> APIC 0x000d -> Node 0
[    0.010881] SRAT: PXM 0 -> APIC 0x000e -> Node 0
[    0.010882] SRAT: PXM 0 -> APIC 0x000f -> Node 0
[    0.010883] SRAT: PXM 0 -> APIC 0x0010 -> Node 0
[    0.010884] SRAT: PXM 0 -> APIC 0x0011 -> Node 0
[    0.010884] SRAT: PXM 0 -> APIC 0x0012 -> Node 0
[    0.010885] SRAT: PXM 0 -> APIC 0x0013 -> Node 0
[    0.010886] SRAT: PXM 0 -> APIC 0x0014 -> Node 0
[    0.010887] SRAT: PXM 0 -> APIC 0x0015 -> Node 0
[    0.010888] SRAT: PXM 0 -> APIC 0x0016 -> Node 0
[    0.010889] SRAT: PXM 0 -> APIC 0x0017 -> Node 0
[    0.010889] SRAT: PXM 0 -> APIC 0x0018 -> Node 0
[    0.010890] SRAT: PXM 0 -> APIC 0x0019 -> Node 0
[    0.010891] SRAT: PXM 0 -> APIC 0x001a -> Node 0
[    0.010892] SRAT: PXM 0 -> APIC 0x001b -> Node 0
[    0.010892] SRAT: PXM 0 -> APIC 0x001c -> Node 0
[    0.010893] SRAT: PXM 0 -> APIC 0x001d -> Node 0
[    0.010894] SRAT: PXM 0 -> APIC 0x001e -> Node 0
[    0.010895] SRAT: PXM 0 -> APIC 0x001f -> Node 0
[    0.010895] SRAT: PXM 0 -> APIC 0x0020 -> Node 0
[    0.010896] SRAT: PXM 0 -> APIC 0x0021 -> Node 0
[    0.010897] SRAT: PXM 0 -> APIC 0x0022 -> Node 0
[    0.010898] SRAT: PXM 0 -> APIC 0x0023 -> Node 0
[    0.010899] SRAT: PXM 0 -> APIC 0x0024 -> Node 0
[    0.010899] SRAT: PXM 0 -> APIC 0x0025 -> Node 0
[    0.010900] SRAT: PXM 0 -> APIC 0x0026 -> Node 0
[    0.010901] SRAT: PXM 0 -> APIC 0x0027 -> Node 0
[    0.010902] SRAT: PXM 0 -> APIC 0x0028 -> Node 0
[    0.010902] SRAT: PXM 0 -> APIC 0x0029 -> Node 0
[    0.010903] SRAT: PXM 0 -> APIC 0x002a -> Node 0
[    0.010904] SRAT: PXM 0 -> APIC 0x002b -> Node 0
[    0.010905] SRAT: PXM 0 -> APIC 0x002c -> Node 0
[    0.010905] SRAT: PXM 0 -> APIC 0x002d -> Node 0
[    0.010906] SRAT: PXM 0 -> APIC 0x002e -> Node 0
[    0.010907] SRAT: PXM 0 -> APIC 0x002f -> Node 0
[    0.010908] SRAT: PXM 0 -> APIC 0x0030 -> Node 0
[    0.010908] SRAT: PXM 0 -> APIC 0x0031 -> Node 0
[    0.010909] SRAT: PXM 0 -> APIC 0x0032 -> Node 0
[    0.010910] SRAT: PXM 0 -> APIC 0x0033 -> Node 0
[    0.010911] SRAT: PXM 0 -> APIC 0x0034 -> Node 0
[    0.010911] SRAT: PXM 0 -> APIC 0x0035 -> Node 0
[    0.010912] SRAT: PXM 0 -> APIC 0x0036 -> Node 0
[    0.010913] SRAT: PXM 0 -> APIC 0x0037 -> Node 0
[    0.010913] SRAT: PXM 0 -> APIC 0x0038 -> Node 0
[    0.010914] SRAT: PXM 0 -> APIC 0x0039 -> Node 0
[    0.010915] SRAT: PXM 0 -> APIC 0x003a -> Node 0
[    0.010916] SRAT: PXM 0 -> APIC 0x003b -> Node 0
[    0.010916] SRAT: PXM 0 -> APIC 0x003c -> Node 0
[    0.010917] SRAT: PXM 0 -> APIC 0x003d -> Node 0
[    0.010918] SRAT: PXM 0 -> APIC 0x003e -> Node 0
[    0.010919] SRAT: PXM 0 -> APIC 0x003f -> Node 0
[    0.010919] SRAT: PXM 0 -> APIC 0x0040 -> Node 0
[    0.010920] SRAT: PXM 0 -> APIC 0x0041 -> Node 0
[    0.010921] SRAT: PXM 0 -> APIC 0x0042 -> Node 0
[    0.010922] SRAT: PXM 0 -> APIC 0x0043 -> Node 0
[    0.010922] SRAT: PXM 0 -> APIC 0x0044 -> Node 0
[    0.010923] SRAT: PXM 0 -> APIC 0x0045 -> Node 0
[    0.010924] SRAT: PXM 0 -> APIC 0x0046 -> Node 0
[    0.010925] SRAT: PXM 0 -> APIC 0x0047 -> Node 0
[    0.010925] SRAT: PXM 0 -> APIC 0x0048 -> Node 0
[    0.010926] SRAT: PXM 0 -> APIC 0x0049 -> Node 0
[    0.010927] SRAT: PXM 0 -> APIC 0x004a -> Node 0
[    0.010928] SRAT: PXM 0 -> APIC 0x004b -> Node 0
[    0.010928] SRAT: PXM 0 -> APIC 0x004c -> Node 0
[    0.010929] SRAT: PXM 0 -> APIC 0x004d -> Node 0
[    0.010930] SRAT: PXM 0 -> APIC 0x004e -> Node 0
[    0.010931] SRAT: PXM 0 -> APIC 0x004f -> Node 0
[    0.010931] SRAT: PXM 0 -> APIC 0x0050 -> Node 0
[    0.010932] SRAT: PXM 0 -> APIC 0x0051 -> Node 0
[    0.010933] SRAT: PXM 0 -> APIC 0x0052 -> Node 0
[    0.010933] SRAT: PXM 0 -> APIC 0x0053 -> Node 0
[    0.010934] SRAT: PXM 0 -> APIC 0x0054 -> Node 0
[    0.010935] SRAT: PXM 0 -> APIC 0x0055 -> Node 0
[    0.010936] SRAT: PXM 0 -> APIC 0x0056 -> Node 0
[    0.010936] SRAT: PXM 0 -> APIC 0x0057 -> Node 0
[    0.010937] SRAT: PXM 0 -> APIC 0x0058 -> Node 0
[    0.010938] SRAT: PXM 0 -> APIC 0x0059 -> Node 0
[    0.010939] SRAT: PXM 0 -> APIC 0x005a -> Node 0
[    0.010939] SRAT: PXM 0 -> APIC 0x005b -> Node 0
[    0.010940] SRAT: PXM 0 -> APIC 0x005c -> Node 0
[    0.010941] SRAT: PXM 0 -> APIC 0x005d -> Node 0
[    0.010942] SRAT: PXM 0 -> APIC 0x005e -> Node 0
[    0.010942] SRAT: PXM 0 -> APIC 0x005f -> Node 0
[    0.010943] SRAT: PXM 1 -> APIC 0x0080 -> Node 1
[    0.010944] SRAT: PXM 1 -> APIC 0x0081 -> Node 1
[    0.010945] SRAT: PXM 1 -> APIC 0x0082 -> Node 1
[    0.010945] SRAT: PXM 1 -> APIC 0x0083 -> Node 1
[    0.010946] SRAT: PXM 1 -> APIC 0x0084 -> Node 1
[    0.010947] SRAT: PXM 1 -> APIC 0x0085 -> Node 1
[    0.010947] SRAT: PXM 1 -> APIC 0x0086 -> Node 1
[    0.010948] SRAT: PXM 1 -> APIC 0x0087 -> Node 1
[    0.010949] SRAT: PXM 1 -> APIC 0x0088 -> Node 1
[    0.010950] SRAT: PXM 1 -> APIC 0x0089 -> Node 1
[    0.010950] SRAT: PXM 1 -> APIC 0x008a -> Node 1
[    0.010951] SRAT: PXM 1 -> APIC 0x008b -> Node 1
[    0.010952] SRAT: PXM 1 -> APIC 0x008c -> Node 1
[    0.010953] SRAT: PXM 1 -> APIC 0x008d -> Node 1
[    0.010953] SRAT: PXM 1 -> APIC 0x008e -> Node 1
[    0.010954] SRAT: PXM 1 -> APIC 0x008f -> Node 1
[    0.010955] SRAT: PXM 1 -> APIC 0x0090 -> Node 1
[    0.010956] SRAT: PXM 1 -> APIC 0x0091 -> Node 1
[    0.010956] SRAT: PXM 1 -> APIC 0x0092 -> Node 1
[    0.010957] SRAT: PXM 1 -> APIC 0x0093 -> Node 1
[    0.010958] SRAT: PXM 1 -> APIC 0x0094 -> Node 1
[    0.010959] SRAT: PXM 1 -> APIC 0x0095 -> Node 1
[    0.010959] SRAT: PXM 1 -> APIC 0x0096 -> Node 1
[    0.010960] SRAT: PXM 1 -> APIC 0x0097 -> Node 1
[    0.010961] SRAT: PXM 1 -> APIC 0x0098 -> Node 1
[    0.010962] SRAT: PXM 1 -> APIC 0x0099 -> Node 1
[    0.010962] SRAT: PXM 1 -> APIC 0x009a -> Node 1
[    0.010963] SRAT: PXM 1 -> APIC 0x009b -> Node 1
[    0.010964] SRAT: PXM 1 -> APIC 0x009c -> Node 1
[    0.010964] SRAT: PXM 1 -> APIC 0x009d -> Node 1
[    0.010965] SRAT: PXM 1 -> APIC 0x009e -> Node 1
[    0.010966] SRAT: PXM 1 -> APIC 0x009f -> Node 1
[    0.010967] SRAT: PXM 1 -> APIC 0x00a0 -> Node 1
[    0.010967] SRAT: PXM 1 -> APIC 0x00a1 -> Node 1
[    0.010968] SRAT: PXM 1 -> APIC 0x00a2 -> Node 1
[    0.010969] SRAT: PXM 1 -> APIC 0x00a3 -> Node 1
[    0.010970] SRAT: PXM 1 -> APIC 0x00a4 -> Node 1
[    0.010970] SRAT: PXM 1 -> APIC 0x00a5 -> Node 1
[    0.010971] SRAT: PXM 1 -> APIC 0x00a6 -> Node 1
[    0.010972] SRAT: PXM 1 -> APIC 0x00a7 -> Node 1
[    0.010973] SRAT: PXM 1 -> APIC 0x00a8 -> Node 1
[    0.010973] SRAT: PXM 1 -> APIC 0x00a9 -> Node 1
[    0.010974] SRAT: PXM 1 -> APIC 0x00aa -> Node 1
[    0.010975] SRAT: PXM 1 -> APIC 0x00ab -> Node 1
[    0.010976] SRAT: PXM 1 -> APIC 0x00ac -> Node 1
[    0.010976] SRAT: PXM 1 -> APIC 0x00ad -> Node 1
[    0.010977] SRAT: PXM 1 -> APIC 0x00ae -> Node 1
[    0.010978] SRAT: PXM 1 -> APIC 0x00af -> Node 1
[    0.010979] SRAT: PXM 1 -> APIC 0x00b0 -> Node 1
[    0.010979] SRAT: PXM 1 -> APIC 0x00b1 -> Node 1
[    0.010980] SRAT: PXM 1 -> APIC 0x00b2 -> Node 1
[    0.010981] SRAT: PXM 1 -> APIC 0x00b3 -> Node 1
[    0.010982] SRAT: PXM 1 -> APIC 0x00b4 -> Node 1
[    0.010982] SRAT: PXM 1 -> APIC 0x00b5 -> Node 1
[    0.010983] SRAT: PXM 1 -> APIC 0x00b6 -> Node 1
[    0.010984] SRAT: PXM 1 -> APIC 0x00b7 -> Node 1
[    0.010985] SRAT: PXM 1 -> APIC 0x00b8 -> Node 1
[    0.010985] SRAT: PXM 1 -> APIC 0x00b9 -> Node 1
[    0.010986] SRAT: PXM 1 -> APIC 0x00ba -> Node 1
[    0.010987] SRAT: PXM 1 -> APIC 0x00bb -> Node 1
[    0.010988] SRAT: PXM 1 -> APIC 0x00bc -> Node 1
[    0.010988] SRAT: PXM 1 -> APIC 0x00bd -> Node 1
[    0.010989] SRAT: PXM 1 -> APIC 0x00be -> Node 1
[    0.010990] SRAT: PXM 1 -> APIC 0x00bf -> Node 1
[    0.010991] SRAT: PXM 1 -> APIC 0x00c0 -> Node 1
[    0.010992] SRAT: PXM 1 -> APIC 0x00c1 -> Node 1
[    0.010992] SRAT: PXM 1 -> APIC 0x00c2 -> Node 1
[    0.010993] SRAT: PXM 1 -> APIC 0x00c3 -> Node 1
[    0.010994] SRAT: PXM 1 -> APIC 0x00c4 -> Node 1
[    0.010995] SRAT: PXM 1 -> APIC 0x00c5 -> Node 1
[    0.010995] SRAT: PXM 1 -> APIC 0x00c6 -> Node 1
[    0.010996] SRAT: PXM 1 -> APIC 0x00c7 -> Node 1
[    0.010997] SRAT: PXM 1 -> APIC 0x00c8 -> Node 1
[    0.010998] SRAT: PXM 1 -> APIC 0x00c9 -> Node 1
[    0.010998] SRAT: PXM 1 -> APIC 0x00ca -> Node 1
[    0.010999] SRAT: PXM 1 -> APIC 0x00cb -> Node 1
[    0.011000] SRAT: PXM 1 -> APIC 0x00cc -> Node 1
[    0.011001] SRAT: PXM 1 -> APIC 0x00cd -> Node 1
[    0.011001] SRAT: PXM 1 -> APIC 0x00ce -> Node 1
[    0.011002] SRAT: PXM 1 -> APIC 0x00cf -> Node 1
[    0.011003] SRAT: PXM 1 -> APIC 0x00d0 -> Node 1
[    0.011003] SRAT: PXM 1 -> APIC 0x00d1 -> Node 1
[    0.011004] SRAT: PXM 1 -> APIC 0x00d2 -> Node 1
[    0.011005] SRAT: PXM 1 -> APIC 0x00d3 -> Node 1
[    0.011006] SRAT: PXM 1 -> APIC 0x00d4 -> Node 1
[    0.011006] SRAT: PXM 1 -> APIC 0x00d5 -> Node 1
[    0.011007] SRAT: PXM 1 -> APIC 0x00d6 -> Node 1
[    0.011008] SRAT: PXM 1 -> APIC 0x00d7 -> Node 1
[    0.011009] SRAT: PXM 1 -> APIC 0x00d8 -> Node 1
[    0.011009] SRAT: PXM 1 -> APIC 0x00d9 -> Node 1
[    0.011010] SRAT: PXM 1 -> APIC 0x00da -> Node 1
[    0.011011] SRAT: PXM 1 -> APIC 0x00db -> Node 1
[    0.011012] SRAT: PXM 1 -> APIC 0x00dc -> Node 1
[    0.011012] SRAT: PXM 1 -> APIC 0x00dd -> Node 1
[    0.011013] SRAT: PXM 1 -> APIC 0x00de -> Node 1
[    0.011014] SRAT: PXM 1 -> APIC 0x00df -> Node 1
[    0.011032] ACPI: SRAT: Node 0 PXM 0 [mem 0x00000000-0x7fffffff]
[    0.011034] ACPI: SRAT: Node 0 PXM 0 [mem 0x100000000-0x807fffffff]
[    0.011036] ACPI: SRAT: Node 1 PXM 1 [mem 0x8080000000-0xb07fffffff]
[    0.011048] ACPI: SRAT: Node 2 PXM 2 [mem 0xb080000000-0xc07fffffff]
[    0.011049] ACPI: SRAT: Node 3 PXM 3 [mem 0xc080000000-0xd07fffffff]
[    0.011057] NUMA: Initialized distance table, cnt=4
[    0.011063] NUMA: Node 0 [mem 0x00000000-0x7fffffff] + [mem 0x100000000-0x807fffffff] -> [mem 0x00000000-0x807fffffff]
[    0.011074] NODE_DATA(0) allocated [mem 0x807ffd5000-0x807fffffff]
[    0.011097] NODE_DATA(1) allocated [mem 0xb07ffd4000-0xb07fffefff]
[    0.011981] Zone ranges:
[    0.011982]   DMA      [mem 0x0000000000001000-0x0000000000ffffff]
[    0.011985]   DMA32    [mem 0x0000000001000000-0x00000000ffffffff]
[    0.011986]   Normal   [mem 0x0000000100000000-0x000000b07fffffff]
[    0.011988]   Device   empty
[    0.011989] Movable zone start for each node
[    0.011991] Early memory node ranges
[    0.011991]   node   0: [mem 0x0000000000001000-0x000000000009ffff]
[    0.011993]   node   0: [mem 0x0000000000100000-0x000000006917efff]
[    0.011995]   node   0: [mem 0x00000000777ff000-0x00000000777fffff]
[    0.011996]   node   0: [mem 0x0000000100000000-0x000000807fffffff]
[    0.012034]   node   1: [mem 0x0000008080000000-0x000000b07fffffff]
[    0.012050] Initmem setup node 0 [mem 0x0000000000001000-0x000000807fffffff]
[    0.012055] Initmem setup node 1 [mem 0x0000008080000000-0x000000b07fffffff]
[    0.012082] Initmem setup node 2 as memoryless
[    0.012107] Initmem setup node 3 as memoryless
[    0.012111] On node 0, zone DMA: 1 pages in unavailable ranges
[    0.012142] On node 0, zone DMA: 96 pages in unavailable ranges
[    0.015795] On node 0, zone DMA32: 59008 pages in unavailable ranges
[    0.921244] On node 0, zone Normal: 2048 pages in unavailable ranges
[    1.335096] ACPI: PM-Timer IO Port: 0x508
[    1.335140] ACPI: X2APIC_NMI (uid[0xffffffff] high edge lint[0x1])
[    1.335144] ACPI: LAPIC_NMI (acpi_id[0xff] high edge lint[0x1])
[    1.335165] IOAPIC[0]: apic_id 8, version 32, address 0xfec00000, GSI 0-23
[    1.335169] ACPI: INT_SRC_OVR (bus 0 bus_irq 0 global_irq 2 dfl dfl)
[    1.335172] ACPI: INT_SRC_OVR (bus 0 bus_irq 9 global_irq 9 high level)
[    1.335178] ACPI: Using ACPI (MADT) for SMP configuration information
[    1.335180] ACPI: HPET id: 0x8086a701 base: 0xfed00000
[    1.335196] e820: update [mem 0x52ded000-0x52dfffff] usable ==> reserved
[    1.335215] ACPI: SPCR: console: uart,io,0x3f8,115200
[    1.335217] TSC deadline timer available
[    1.335219] smpboot: Allowing 192 CPUs, 0 hotplug CPUs
[    1.335241] PM: hibernation: Registered nosave memory: [mem 0x00000000-0x00000fff]
[    1.335244] PM: hibernation: Registered nosave memory: [mem 0x000a0000-0x000fffff]
[    1.335245] PM: hibernation: Registered nosave memory: [mem 0x4efe3000-0x4efe3fff]
[    1.335247] PM: hibernation: Registered nosave memory: [mem 0x4f026000-0x4f026fff]
[    1.335249] PM: hibernation: Registered nosave memory: [mem 0x4f749000-0x4f749fff]
[    1.335250] PM: hibernation: Registered nosave memory: [mem 0x4f76b000-0x4f76bfff]
[    1.335252] PM: hibernation: Registered nosave memory: [mem 0x514dd000-0x514ddfff]
[    1.335254] PM: hibernation: Registered nosave memory: [mem 0x514e4000-0x514e4fff]
[    1.335255] PM: hibernation: Registered nosave memory: [mem 0x514e5000-0x514e5fff]
[    1.335256] PM: hibernation: Registered nosave memory: [mem 0x514ec000-0x514ecfff]
[    1.335257] PM: hibernation: Registered nosave memory: [mem 0x514ed000-0x514edfff]
[    1.335259] PM: hibernation: Registered nosave memory: [mem 0x514f5000-0x514f5fff]
[    1.335261] PM: hibernation: Registered nosave memory: [mem 0x52ded000-0x52dfffff]
[    1.335262] PM: hibernation: Registered nosave memory: [mem 0x53804000-0x53804fff]
[    1.335264] PM: hibernation: Registered nosave memory: [mem 0x6917f000-0x766fefff]
[    1.335265] PM: hibernation: Registered nosave memory: [mem 0x766ff000-0x76cfefff]
[    1.335266] PM: hibernation: Registered nosave memory: [mem 0x76cff000-0x777fefff]
[    1.335267] PM: hibernation: Registered nosave memory: [mem 0x77800000-0x7fffffff]
[    1.335268] PM: hibernation: Registered nosave memory: [mem 0x80000000-0xfe00ffff]
[    1.335269] PM: hibernation: Registered nosave memory: [mem 0xfe010000-0xfe010fff]
[    1.335270] PM: hibernation: Registered nosave memory: [mem 0xfe011000-0xffffffff]
[    1.335272] [mem 0x80000000-0xfe00ffff] available for PCI devices
[    1.335274] Booting paravirtualized kernel on bare hardware
[    1.335278] clocksource: refined-jiffies: mask: 0xffffffff max_cycles: 0xffffffff, max_idle_ns: 1910969940391419 ns
[    1.335289] setup_percpu: NR_CPUS:8192 nr_cpumask_bits:192 nr_cpu_ids:192 nr_node_ids:4
[    1.351533] percpu: Embedded 86 pages/cpu s229376 r8192 d114688 u524288
[    1.351548] pcpu-alloc: s229376 r8192 d114688 u524288 alloc=1*2097152
[    1.351551] pcpu-alloc: [0] 000 001 002 003 [0] 004 005 006 007 
[    1.351558] pcpu-alloc: [0] 008 009 010 011 [0] 012 013 014 015 
[    1.351564] pcpu-alloc: [0] 016 017 018 019 [0] 020 021 022 023 
[    1.351569] pcpu-alloc: [0] 024 025 026 027 [0] 028 029 030 031 
[    1.351574] pcpu-alloc: [0] 032 033 034 035 [0] 036 037 038 039 
[    1.351579] pcpu-alloc: [0] 040 041 042 043 [0] 044 045 046 047 
[    1.351584] pcpu-alloc: [0] 096 097 098 099 [0] 100 101 102 103 
[    1.351589] pcpu-alloc: [0] 104 105 106 107 [0] 108 109 110 111 
[    1.351595] pcpu-alloc: [0] 112 113 114 115 [0] 116 117 118 119 
[    1.351600] pcpu-alloc: [0] 120 121 122 123 [0] 124 125 126 127 
[    1.351605] pcpu-alloc: [0] 128 129 130 131 [0] 132 133 134 135 
[    1.351610] pcpu-alloc: [0] 136 137 138 139 [0] 140 141 142 143 
[    1.351615] pcpu-alloc: [1] 048 049 050 051 [1] 052 053 054 055 
[    1.351620] pcpu-alloc: [1] 056 057 058 059 [1] 060 061 062 063 
[    1.351625] pcpu-alloc: [1] 064 065 066 067 [1] 068 069 070 071 
[    1.351630] pcpu-alloc: [1] 072 073 074 075 [1] 076 077 078 079 
[    1.351635] pcpu-alloc: [1] 080 081 082 083 [1] 084 085 086 087 
[    1.351640] pcpu-alloc: [1] 088 089 090 091 [1] 092 093 094 095 
[    1.351645] pcpu-alloc: [1] 144 145 146 147 [1] 148 149 150 151 
[    1.351650] pcpu-alloc: [1] 152 153 154 155 [1] 156 157 158 159 
[    1.351655] pcpu-alloc: [1] 160 161 162 163 [1] 164 165 166 167 
[    1.351660] pcpu-alloc: [1] 168 169 170 171 [1] 172 173 174 175 
[    1.351665] pcpu-alloc: [1] 176 177 178 179 [1] 180 181 182 183 
[    1.351670] pcpu-alloc: [1] 184 185 186 187 [1] 188 189 190 191 
[    1.351723] Kernel command line: BOOT_IMAGE=/boot/vmlinuz-6.8.0-40-generic root=UUID=5466ccde-62a9-4a11-b86d-b60cbd86597f ro quiet splash vt.handoff=7
[    1.351818] Unknown kernel command line parameters "splash BOOT_IMAGE=/boot/vmlinuz-6.8.0-40-generic", will be passed to user space.
[    1.351832] printk: log_buf_len individual max cpu contribution: 4096 bytes
[    1.351833] printk: log_buf_len total cpu_extra contributions: 782336 bytes
[    1.351834] printk: log_buf_len min size: 262144 bytes
[    1.352835] printk: log_buf_len: 1048576 bytes
[    1.352837] printk: early log buf free: 234408(89%)
[    1.357180] Fallback order for Node 0: 0 1 
[    1.357184] Fallback order for Node 1: 1 0 
[    1.357187] Fallback order for Node 2: 1 0 
[    1.357189] Fallback order for Node 3: 1 0 
[    1.357200] Built 2 zonelists, mobility grouping on.  Total pages: 181573178
[    1.357202] Policy zone: Normal
[    1.357211] mem auto-init: stack:all(zero), heap alloc:on, heap free:off
[    1.357243] software IO TLB: area num 256.
[    3.145745] Memory: 725821884K/737821820K available (22528K kernel code, 4437K rwdata, 13888K rodata, 4972K init, 4744K bss, 11999732K reserved, 0K cma-reserved)
[    3.151720] SLUB: HWalign=64, Order=0-3, MinObjects=0, CPUs=192, Nodes=4
[    3.151842] ftrace: allocating 57867 entries in 227 pages
[    3.165928] ftrace: allocated 227 pages with 5 groups
[    3.167517] Dynamic Preempt: voluntary
[    3.168667] rcu: Preemptible hierarchical RCU implementation.
[    3.168669] rcu: 	RCU restricting CPUs from NR_CPUS=8192 to nr_cpu_ids=192.
[    3.168671] 	Trampoline variant of Tasks RCU enabled.
[    3.168672] 	Rude variant of Tasks RCU enabled.
[    3.168672] 	Tracing variant of Tasks RCU enabled.
[    3.168673] rcu: RCU calculated value of scheduler-enlistment delay is 100 jiffies.
[    3.168674] rcu: Adjusting geometry for rcu_fanout_leaf=16, nr_cpu_ids=192
[    3.172091] NR_IRQS: 524544, nr_irqs: 1960, preallocated irqs: 16
[    3.172677] rcu: srcu_init: Setting srcu_struct sizes to big.
[    3.173430] Console: colour dummy device 80x25
[    3.173433] printk: legacy console [tty0] enabled
[    3.173931] mempolicy: Enabling automatic NUMA balancing. Configure with numa_balancing= or the kernel.numa_balancing sysctl
[    3.173936] ACPI: Core revision 20230628
[    3.176006] clocksource: hpet: mask: 0xffffffff max_cycles: 0xffffffff, max_idle_ns: 76450417870 ns
[    3.176068] APIC: Switch to symmetric I/O mode setup
[    3.176071] DMAR: Host address width 46
[    3.176073] DMAR: DRHD base: 0x000000dbffc000 flags: 0x0
[    3.176082] DMAR: dmar0: reg_base_addr dbffc000 ver 6:0 cap 9ed008c40780466 ecap 3ee9e86f050df
[    3.176085] DMAR: DRHD base: 0x000000e37fc000 flags: 0x0
[    3.176089] DMAR: dmar1: reg_base_addr e37fc000 ver 6:0 cap 9ed008c40780466 ecap 3ee9e86f050df
[    3.176091] DMAR: DRHD base: 0x000000eaffc000 flags: 0x0
[    3.176095] DMAR: dmar2: reg_base_addr eaffc000 ver 6:0 cap 9ed008c40780466 ecap 3ee9e86f050df
[    3.176097] DMAR: DRHD base: 0x000000f23fc000 flags: 0x0
[    3.176102] DMAR: dmar3: reg_base_addr f23fc000 ver 6:0 cap 9ed008c40780466 ecap 3ee9e86f050df
[    3.176104] DMAR: DRHD base: 0x000000f97fc000 flags: 0x0
[    3.176108] DMAR: dmar4: reg_base_addr f97fc000 ver 6:0 cap 9ed008c40780466 ecap 3ee9e86f050df
[    3.176109] DMAR: DRHD base: 0x000000d47fc000 flags: 0x0
[    3.176113] DMAR: dmar5: reg_base_addr d47fc000 ver 6:0 cap 9ed008c40780466 ecap 3ee9e86f050df
[    3.176115] DMAR: DRHD base: 0x000000f9ffc000 flags: 0x0
[    3.176120] DMAR: dmar6: reg_base_addr f9ffc000 ver 6:0 cap 9ed008c40780466 ecap 3ef9ea6f050df
[    3.176121] DMAR: DRHD base: 0x000000fa7fc000 flags: 0x0
[    3.176125] DMAR: dmar7: reg_base_addr fa7fc000 ver 6:0 cap 9ed008c40780466 ecap 3ef9ea6f050df
[    3.176127] DMAR: DRHD base: 0x000000faffc000 flags: 0x0
[    3.176132] DMAR: dmar8: reg_base_addr faffc000 ver 6:0 cap 9ed008c40780466 ecap 3ef9ea6f050df
[    3.176133] DMAR: DRHD base: 0x000000fb7fc000 flags: 0x0
[    3.176137] DMAR: dmar9: reg_base_addr fb7fc000 ver 6:0 cap 9ed008c40780466 ecap 3ef9ea6f050df
[    3.176139] DMAR: DRHD base: 0x000000a6ffc000 flags: 0x0
[    3.176143] DMAR: dmar10: reg_base_addr a6ffc000 ver 6:0 cap 9ed008c40780466 ecap 3ee9e86f050df
[    3.176144] DMAR: DRHD base: 0x000000afffc000 flags: 0x0
[    3.176148] DMAR: dmar11: reg_base_addr afffc000 ver 6:0 cap 9ed008c40780466 ecap 3ee9e86f050df
[    3.176149] DMAR: DRHD base: 0x000000b8ffc000 flags: 0x0
[    3.176152] DMAR: dmar12: reg_base_addr b8ffc000 ver 6:0 cap 9ed008c40780466 ecap 3ee9e86f050df
[    3.176154] DMAR: DRHD base: 0x000000c1bfc000 flags: 0x0
[    3.176158] DMAR: dmar13: reg_base_addr c1bfc000 ver 6:0 cap 9ed008c40780466 ecap 3ee9e86f050df
[    3.176159] DMAR: DRHD base: 0x000000ca7fc000 flags: 0x0
[    3.176162] DMAR: dmar14: reg_base_addr ca7fc000 ver 6:0 cap 9ed008c40780466 ecap 3ee9e86f050df
[    3.176164] DMAR: DRHD base: 0x000000caffc000 flags: 0x0
[    3.176167] DMAR: dmar15: reg_base_addr caffc000 ver 6:0 cap 9ed008c40780466 ecap 3ef9ea6f050df
[    3.176169] DMAR: DRHD base: 0x000000cb7fc000 flags: 0x0
[    3.176172] DMAR: dmar16: reg_base_addr cb7fc000 ver 6:0 cap 9ed008c40780466 ecap 3ef9ea6f050df
[    3.176174] DMAR: DRHD base: 0x000000cbffc000 flags: 0x0
[    3.176178] DMAR: dmar17: reg_base_addr cbffc000 ver 6:0 cap 9ed008c40780466 ecap 3ef9ea6f050df
[    3.176179] DMAR: DRHD base: 0x000000cc7fc000 flags: 0x0
[    3.176183] DMAR: dmar18: reg_base_addr cc7fc000 ver 6:0 cap 9ed008c40780466 ecap 3ef9ea6f050df
[    3.176184] DMAR: DRHD base: 0x0000009dffc000 flags: 0x1
[    3.176188] DMAR: dmar19: reg_base_addr 9dffc000 ver 6:0 cap 9ed008c40780466 ecap 3ee9e86f050df
[    3.176189] DMAR: RMRR base: 0x0000006e3de000 end: 0x0000006e3e0fff
[    3.176192] DMAR: ATSR flags: 0x0
[    3.176196] DMAR: RHSA base: 0x0000009dffc000 proximity domain: 0x0
[    3.176198] DMAR: RHSA base: 0x000000a6ffc000 proximity domain: 0x0
[    3.176199] DMAR: RHSA base: 0x000000afffc000 proximity domain: 0x0
[    3.176200] DMAR: RHSA base: 0x000000b8ffc000 proximity domain: 0x0
[    3.176201] DMAR: RHSA base: 0x000000c1bfc000 proximity domain: 0x0
[    3.176201] DMAR: RHSA base: 0x000000ca7fc000 proximity domain: 0x0
[    3.176202] DMAR: RHSA base: 0x000000caffc000 proximity domain: 0x0
[    3.176203] DMAR: RHSA base: 0x000000cb7fc000 proximity domain: 0x0
[    3.176204] DMAR: RHSA base: 0x000000cbffc000 proximity domain: 0x0
[    3.176205] DMAR: RHSA base: 0x000000cc7fc000 proximity domain: 0x0
[    3.176206] DMAR: RHSA base: 0x000000dbffc000 proximity domain: 0x1
[    3.176207] DMAR: RHSA base: 0x000000e37fc000 proximity domain: 0x1
[    3.176207] DMAR: RHSA base: 0x000000eaffc000 proximity domain: 0x1
[    3.176208] DMAR: RHSA base: 0x000000f23fc000 proximity domain: 0x1
[    3.176209] DMAR: RHSA base: 0x000000f97fc000 proximity domain: 0x1
[    3.176210] DMAR: RHSA base: 0x000000d47fc000 proximity domain: 0x1
[    3.176211] DMAR: RHSA base: 0x000000f9ffc000 proximity domain: 0x1
[    3.176212] DMAR: RHSA base: 0x000000fa7fc000 proximity domain: 0x1
[    3.176213] DMAR: RHSA base: 0x000000faffc000 proximity domain: 0x1
[    3.176213] DMAR: RHSA base: 0x000000fb7fc000 proximity domain: 0x1
[    3.176214] DMAR: SATC flags: 0x0
[    3.176219] DMAR-IR: IOAPIC id 8 under DRHD base  0x9dffc000 IOMMU 19
[    3.176221] DMAR-IR: HPET id 0 under DRHD base 0x9dffc000
[    3.176222] DMAR-IR: Queued invalidation will be enabled to support x2apic and Intr-remapping.
[    3.181600] DMAR-IR: Enabled IRQ remapping in x2apic mode
[    3.182881] ..TIMER: vector=0x30 apic1=0 pin1=2 apic2=-1 pin2=-1
[    3.187045] clocksource: tsc-early: mask: 0xffffffffffffffff max_cycles: 0x22983777dd9, max_idle_ns: 440795300422 ns
[    3.187053] Calibrating delay loop (skipped), value calculated using timer frequency.. 4800.00 BogoMIPS (lpj=2400000)
[    3.187128] x86/cpu: SGX disabled by BIOS.
[    3.187137] CPU0: Thermal monitoring enabled (TM1)
[    3.187140] x86/cpu: User Mode Instruction Prevention (UMIP) activated
[    3.187387] Last level iTLB entries: 4KB 0, 2MB 0, 4MB 0
[    3.187388] Last level dTLB entries: 4KB 0, 2MB 0, 4MB 0, 1GB 0
[    3.187394] Spectre V1 : Mitigation: usercopy/swapgs barriers and __user pointer sanitization
[    3.187397] Spectre V2 : Mitigation: Enhanced / Automatic IBRS
[    3.187399] Spectre V2 : Spectre v2 / SpectreRSB mitigation: Filling RSB on context switch
[    3.187400] Spectre V2 : Spectre v2 / PBRSB-eIBRS: Retire a single CALL on VMEXIT
[    3.187402] Spectre V2 : mitigation: Enabling conditional Indirect Branch Prediction Barrier
[    3.187404] Speculative Store Bypass: Mitigation: Speculative Store Bypass disabled via prctl
[    3.187429] x86/fpu: Supporting XSAVE feature 0x001: 'x87 floating point registers'
[    3.187431] x86/fpu: Supporting XSAVE feature 0x002: 'SSE registers'
[    3.187432] x86/fpu: Supporting XSAVE feature 0x004: 'AVX registers'
[    3.187433] x86/fpu: Supporting XSAVE feature 0x020: 'AVX-512 opmask'
[    3.187434] x86/fpu: Supporting XSAVE feature 0x040: 'AVX-512 Hi256'
[    3.187435] x86/fpu: Supporting XSAVE feature 0x080: 'AVX-512 ZMM_Hi256'
[    3.187436] x86/fpu: Supporting XSAVE feature 0x200: 'Protection Keys User registers'
[    3.187437] x86/fpu: Supporting XSAVE feature 0x400: 'PASID state'
[    3.187438] x86/fpu: Supporting XSAVE feature 0x800: 'Control-flow User registers'
[    3.187439] x86/fpu: Supporting XSAVE feature 0x20000: 'AMX Tile config'
[    3.187440] x86/fpu: Supporting XSAVE feature 0x40000: 'AMX Tile data'
[    3.187441] x86/fpu: xstate_offset[2]:  576, xstate_sizes[2]:  256
[    3.187443] x86/fpu: xstate_offset[5]:  832, xstate_sizes[5]:   64
[    3.187444] x86/fpu: xstate_offset[6]:  896, xstate_sizes[6]:  512
[    3.187445] x86/fpu: xstate_offset[7]: 1408, xstate_sizes[7]: 1024
[    3.187446] x86/fpu: xstate_offset[9]: 2432, xstate_sizes[9]:    8
[    3.187448] x86/fpu: xstate_offset[10]: 2440, xstate_sizes[10]:    8
[    3.187449] x86/fpu: xstate_offset[11]: 2448, xstate_sizes[11]:   16
[    3.187450] x86/fpu: xstate_offset[17]: 2496, xstate_sizes[17]:   64
[    3.187451] x86/fpu: xstate_offset[18]: 2560, xstate_sizes[18]: 8192
[    3.187452] x86/fpu: Enabled xstate features 0x60ee7, context size is 10752 bytes, using 'compacted' format.
[    3.213978] Freeing SMP alternatives memory: 48K
[    3.213981] pid_max: default: 196608 minimum: 1536
[    3.222283] LSM: initializing lsm=lockdown,capability,landlock,yama,apparmor,integrity
[    3.222325] landlock: Up and running.
[    3.222326] Yama: becoming mindful.
[    3.222408] AppArmor: AppArmor initialized
[    3.253597] Dentry cache hash table entries: 33554432 (order: 16, 268435456 bytes, vmalloc hugepage)
[    3.268959] Inode-cache hash table entries: 16777216 (order: 15, 134217728 bytes, vmalloc hugepage)
[    3.269515] Mount-cache hash table entries: 524288 (order: 10, 4194304 bytes, vmalloc hugepage)
[    3.270002] Mountpoint-cache hash table entries: 524288 (order: 10, 4194304 bytes, vmalloc hugepage)
[    3.271297] smpboot: CPU0: Intel(R) Xeon(R) Platinum 8468V (family: 0x6, model: 0x8f, stepping: 0x8)
[    3.271646] RCU Tasks: Setting shift to 8 and lim to 1 rcu_task_cb_adjust=1.
[    3.271699] RCU Tasks Rude: Setting shift to 8 and lim to 1 rcu_task_cb_adjust=1.
[    3.271782] RCU Tasks Trace: Setting shift to 8 and lim to 1 rcu_task_cb_adjust=1.
[    3.271828] Performance Events: XSAVE Architectural LBR, PEBS fmt4+-baseline,  AnyThread deprecated, Sapphire Rapids events, 32-deep LBR, full-width counters, Intel PMU driver.
[    3.271900] ... version:                5
[    3.271901] ... bit width:              48
[    3.271901] ... generic registers:      8
[    3.271902] ... value mask:             0000ffffffffffff
[    3.271903] ... max period:             00007fffffffffff
[    3.271904] ... fixed-purpose events:   4
[    3.271905] ... event mask:             0001000f000000ff
[    3.272050] signal: max sigframe size: 11952
[    3.272050] Estimated ratio of average max frequency by base frequency (times 1024): 1322
[    3.273315] rcu: Hierarchical SRCU implementation.
[    3.273316] rcu: 	Max phase no-delay instances is 400.
[    3.284386] NMI watchdog: Enabled. Permanently consumes one hw-PMU counter.
[    3.286161] smp: Bringing up secondary CPUs ...
[    3.286349] smpboot: x86: Booting SMP configuration:
[    3.286350] .... node  #0, CPUs:          #1   #2   #3   #4   #5   #6   #7   #8   #9  #10  #11  #12  #13  #14  #15  #16  #17  #18  #19  #20  #21  #22  #23  #24  #25  #26  #27  #28  #29  #30  #31  #32  #33  #34  #35  #36  #37  #38  #39  #40  #41  #42  #43  #44  #45  #46  #47
[    3.295752] .... node  #1, CPUs:    #48  #49  #50  #51  #52  #53  #54  #55  #56  #57  #58  #59  #60  #61  #62  #63  #64  #65  #66  #67  #68  #69  #70  #71  #72  #73  #74  #75  #76  #77  #78  #79  #80  #81  #82  #83  #84  #85  #86  #87  #88  #89  #90  #91  #92  #93  #94  #95
[    0.004273] smpboot: CPU 48 Converting physical 0 to logical die 1

[    3.426341] .... node  #0, CPUs:    #96  #97  #98  #99 #100 #101 #102 #103 #104 #105 #106 #107 #108 #109 #110 #111 #112 #113 #114 #115 #116 #117 #118 #119 #120 #121 #122 #123 #124 #125 #126 #127 #128 #129 #130 #131 #132 #133 #134 #135 #136 #137 #138 #139 #140 #141 #142 #143
[    3.437300] .... node  #1, CPUs:   #144 #145 #146 #147 #148 #149 #150 #151 #152 #153 #154 #155 #156 #157 #158 #159 #160 #161 #162 #163 #164 #165 #166 #167 #168 #169 #170 #171 #172 #173 #174 #175 #176 #177 #178 #179 #180 #181 #182 #183 #184 #185 #186 #187 #188 #189 #190 #191
[    3.521234] smp: Brought up 2 nodes, 192 CPUs
[    3.521234] smpboot: Max logical packages: 2
[    3.521234] smpboot: Total of 192 processors activated (921600.00 BogoMIPS)
[    3.556303] devtmpfs: initialized
[    3.556303] x86/mm: Memory block size: 2048MB
[    3.563449] ACPI: PM: Registering ACPI NVS region [mem 0x766ff000-0x76cfefff] (6291456 bytes)
[    3.563449] clocksource: jiffies: mask: 0xffffffff max_cycles: 0xffffffff, max_idle_ns: 1911260446275000 ns
[    3.564220] futex hash table entries: 65536 (order: 10, 4194304 bytes, vmalloc hugepage)
[    3.564878] pinctrl core: initialized pinctrl subsystem
[    3.565051] PM: RTC time: 09:42:19, date: 2024-09-02
[    3.567286] NET: Registered PF_NETLINK/PF_ROUTE protocol family
[    3.567971] DMA: preallocated 4096 KiB GFP_KERNEL pool for atomic allocations
[    3.568421] DMA: preallocated 4096 KiB GFP_KERNEL|GFP_DMA pool for atomic allocations
[    3.568864] DMA: preallocated 4096 KiB GFP_KERNEL|GFP_DMA32 pool for atomic allocations
[    3.568875] audit: initializing netlink subsys (disabled)
[    3.568886] audit: type=2000 audit(1725270137.392:1): state=initialized audit_enabled=0 res=1
[    3.569231] thermal_sys: Registered thermal governor 'fair_share'
[    3.569233] thermal_sys: Registered thermal governor 'bang_bang'
[    3.569235] thermal_sys: Registered thermal governor 'step_wise'
[    3.569236] thermal_sys: Registered thermal governor 'user_space'
[    3.569236] thermal_sys: Registered thermal governor 'power_allocator'
[    3.569242] EISA bus registered
[    3.569293] cpuidle: using governor ladder
[    3.569293] cpuidle: using governor menu
[    3.570257] ACPI FADT declares the system doesn't support PCIe ASPM, so disable it
[    3.570262] acpiphp: ACPI Hot Plug PCI Controller Driver version: 0.5
[    3.570262] PCI: ECAM [mem 0x80000000-0x8fffffff] (base 0x80000000) for domain 0000 [bus 00-ff]
[    3.570262] PCI: not using ECAM ([mem 0x80000000-0x8fffffff] not reserved)
[    3.570262] PCI: Using configuration type 1 for base access
[    3.571161] kprobes: kprobe jump-optimization is enabled. All kprobes are optimized if possible.
[    3.572137] HugeTLB: registered 1.00 GiB page size, pre-allocated 0 pages
[    3.572138] HugeTLB: 16380 KiB vmemmap can be freed for a 1.00 GiB page
[    3.572140] HugeTLB: registered 2.00 MiB page size, pre-allocated 0 pages
[    3.572141] HugeTLB: 28 KiB vmemmap can be freed for a 2.00 MiB page
[    3.572331] ACPI: Added _OSI(Module Device)
[    3.572332] ACPI: Added _OSI(Processor Device)
[    3.572333] ACPI: Added _OSI(3.0 _SCP Extensions)
[    3.572334] ACPI: Added _OSI(Processor Aggregator Device)
[    3.780507] ACPI: 10 ACPI AML tables successfully acquired and loaded
[    3.794115] ACPI: Dynamic OEM Table Load:
[    3.970811] ACPI: Dynamic OEM Table Load:
[    4.354571] ACPI: _OSC evaluated successfully for all CPUs
[    4.357943] ACPI: Interpreter enabled
[    4.357979] ACPI: PM: (supports S0 S5)
[    4.357980] ACPI: Using IOAPIC for interrupt routing
[    4.371045] PCI: ECAM [mem 0x80000000-0x8fffffff] (base 0x80000000) for domain 0000 [bus 00-ff]
[    4.405553] PCI: [Firmware Info]: ECAM [mem 0x80000000-0x8fffffff] not reserved in ACPI motherboard resources
[    4.405555] PCI: ECAM [mem 0x80000000-0x8fffffff] is EfiMemoryMappedIO; assuming valid
[    4.405557] PCI: ECAM [mem 0x80000000-0x8fffffff] reserved to work around lack of ACPI motherboard _CRS
[    4.405629] HEST: Table parsing has been initialized.
[    4.405745] GHES: APEI firmware first mode is enabled by APEI bit and WHEA _OSC.
[    4.405748] PCI: Using host bridge windows from ACPI; if necessary, use "pci=nocrs" and report a bug
[    4.405750] PCI: Ignoring E820 reservations for host bridge windows
[    4.437542] ACPI: Enabled 3 GPEs in block 00 to 7F
[    4.624415] ACPI: PCI Root Bridge [PC00] (domain 0000 [bus 00-14])
[    4.624423] acpi PNP0A08:00: _OSC: OS supports [ExtendedConfig ASPM ClockPM Segments MSI EDR HPX-Type3]
[    4.652176] acpi PNP0A08:00: _OSC: platform does not support [SHPCHotplug AER LTR DPC]
[    4.652346] acpi PNP0A08:00: _OSC: OS now controls [PCIeHotplug PME PCIeCapability]
[    4.652347] acpi PNP0A08:00: FADT indicates ASPM is unsupported, using BIOS configuration
[    4.652951] PCI host bridge to bus 0000:00
[    4.652953] pci_bus 0000:00: root bus resource [io  0x0000-0x0cf7 window]
[    4.652955] pci_bus 0000:00: root bus resource [io  0x1000-0x3fff window]
[    4.652957] pci_bus 0000:00: root bus resource [mem 0x000a0000-0x000bffff window]
[    4.652958] pci_bus 0000:00: root bus resource [mem 0x000c8000-0x000cffff window]
[    4.652959] pci_bus 0000:00: root bus resource [mem 0xfe010000-0xfe010fff window]
[    4.652960] pci_bus 0000:00: root bus resource [mem 0x90040000-0x9dffffff window]
[    4.652962] pci_bus 0000:00: root bus resource [mem 0xd0000000000-0xd0fffffffff window]
[    4.652964] pci_bus 0000:00: root bus resource [bus 00-14]
[    4.652989] pci 0000:00:00.0: [8086:09a2] type 00 class 0x088000 PCIe Root Complex Integrated Endpoint
[    4.653093] pci 0000:00:00.1: [8086:09a4] type 00 class 0x088000 PCIe Root Complex Integrated Endpoint
[    4.653170] pci 0000:00:00.2: [8086:09a3] type 00 class 0x088000 PCIe Root Complex Integrated Endpoint
[    4.653246] pci 0000:00:00.4: [8086:0b23] type 00 class 0x080700 PCIe Root Complex Event Collector
[    4.653386] pci 0000:00:08.0: [8086:1bb8] type 01 class 0x060400 PCIe Root Port
[    4.653404] pci 0000:00:08.0: BAR 0 [mem 0xd0ffff20000-0xd0ffff3ffff 64bit]
[    4.653414] pci 0000:00:08.0: PCI bridge to [bus 01]
[    4.653438] pci 0000:00:08.0: enabling Extended Tags
[    4.653507] pci 0000:00:08.0: PME# supported from D0 D3hot D3cold
[    4.654092] pci 0000:00:0a.0: [8086:1bba] type 01 class 0x060400 PCIe Root Port
[    4.654110] pci 0000:00:0a.0: BAR 0 [mem 0xd0ffff00000-0xd0ffff1ffff 64bit]
[    4.654120] pci 0000:00:0a.0: PCI bridge to [bus 02]
[    4.654143] pci 0000:00:0a.0: enabling Extended Tags
[    4.654211] pci 0000:00:0a.0: PME# supported from D0 D3hot D3cold
[    4.654765] pci 0000:00:0c.0: [8086:1bbc] type 01 class 0x060400 PCIe Root Port
[    4.654783] pci 0000:00:0c.0: BAR 0 [mem 0xd0fffee0000-0xd0fffefffff 64bit]
[    4.654793] pci 0000:00:0c.0: PCI bridge to [bus 03]
[    4.654817] pci 0000:00:0c.0: enabling Extended Tags
[    4.654886] pci 0000:00:0c.0: PME# supported from D0 D3hot D3cold
[    4.655441] pci 0000:00:0d.0: [8086:1bbd] type 01 class 0x060400 PCIe Root Port
[    4.655460] pci 0000:00:0d.0: BAR 0 [mem 0xd0fffec0000-0xd0fffedffff 64bit]
[    4.655469] pci 0000:00:0d.0: PCI bridge to [bus 04]
[    4.655475] pci 0000:00:0d.0:   bridge window [mem 0x9d200000-0x9d3fffff]
[    4.655485] pci 0000:00:0d.0:   bridge window [mem 0x98000000-0x99ffffff 64bit pref]
[    4.655496] pci 0000:00:0d.0: enabling Extended Tags
[    4.655564] pci 0000:00:0d.0: PME# supported from D0 D3hot D3cold
[    4.656122] pci 0000:00:0e.0: [8086:1bbe] type 01 class 0x060400 PCIe Root Port
[    4.656141] pci 0000:00:0e.0: BAR 0 [mem 0xd0fffea0000-0xd0fffebffff 64bit]
[    4.656150] pci 0000:00:0e.0: PCI bridge to [bus 05]
[    4.656174] pci 0000:00:0e.0: enabling Extended Tags
[    4.656243] pci 0000:00:0e.0: PME# supported from D0 D3hot D3cold
[    4.656800] pci 0000:00:0f.0: [8086:1bbf] type 01 class 0x060400 PCIe Root Port
[    4.656818] pci 0000:00:0f.0: BAR 0 [mem 0xd0fffe80000-0xd0fffe9ffff 64bit]
[    4.656828] pci 0000:00:0f.0: PCI bridge to [bus 06]
[    4.656834] pci 0000:00:0f.0:   bridge window [mem 0x9c000000-0x9d0fffff]
[    4.656844] pci 0000:00:0f.0:   bridge window [mem 0x94000000-0x97ffffff 64bit pref]
[    4.656854] pci 0000:00:0f.0: enabling Extended Tags
[    4.656923] pci 0000:00:0f.0: PME# supported from D0 D3hot D3cold
[    4.657476] pci 0000:00:10.0: [8086:1bb0] type 01 class 0x060400 PCIe Root Port
[    4.657495] pci 0000:00:10.0: BAR 0 [mem 0xd0fffe60000-0xd0fffe7ffff 64bit]
[    4.657504] pci 0000:00:10.0: PCI bridge to [bus 07]
[    4.657529] pci 0000:00:10.0: enabling Extended Tags
[    4.657599] pci 0000:00:10.0: PME# supported from D0 D3hot D3cold
[    4.658156] pci 0000:00:12.0: [8086:1bb2] type 01 class 0x060400 PCIe Root Port
[    4.658175] pci 0000:00:12.0: BAR 0 [mem 0xd0fffe40000-0xd0fffe5ffff 64bit]
[    4.658184] pci 0000:00:12.0: PCI bridge to [bus 08]
[    4.658209] pci 0000:00:12.0: enabling Extended Tags
[    4.658279] pci 0000:00:12.0: PME# supported from D0 D3hot D3cold
[    4.658839] pci 0000:00:14.0: [8086:1bcd] type 00 class 0x0c0330 conventional PCI endpoint
[    4.658858] pci 0000:00:14.0: BAR 0 [mem 0xd0ffff40000-0xd0ffff4ffff 64bit]
[    4.658936] pci 0000:00:14.0: PME# supported from D3hot D3cold
[    4.659166] pci 0000:00:14.2: [8086:1bce] type 00 class 0x050000 conventional PCI endpoint
[    4.659188] pci 0000:00:14.2: BAR 0 [mem 0xd0ffff50000-0xd0ffff53fff 64bit]
[    4.659204] pci 0000:00:14.2: BAR 2 [mem 0xd0ffff59000-0xd0ffff59fff 64bit]
[    4.659313] pci 0000:00:14.4: [8086:1bfe] type 00 class 0x060000 PCIe Root Complex Integrated Endpoint
[    4.659479] pci 0000:00:15.0: [8086:1bff] type 00 class 0x088000 PCIe Root Complex Integrated Endpoint
[    4.659504] pci 0000:00:15.0: BAR 0 [mem 0xd0ffff58000-0xd0ffff583ff 64bit]
[    4.659694] pci 0000:00:16.0: [8086:1be0] type 00 class 0x078000 conventional PCI endpoint
[    4.659719] pci 0000:00:16.0: BAR 0 [mem 0xd0ffff57000-0xd0ffff57fff 64bit]
[    4.659815] pci 0000:00:16.0: PME# supported from D3hot
[    4.659891] pci 0000:00:16.1: [8086:1be1] type 00 class 0x078000 conventional PCI endpoint
[    4.659916] pci 0000:00:16.1: BAR 0 [mem 0xd0ffff56000-0xd0ffff56fff 64bit]
[    4.660012] pci 0000:00:16.1: PME# supported from D3hot
[    4.660089] pci 0000:00:16.4: [8086:1be4] type 00 class 0x078000 conventional PCI endpoint
[    4.660114] pci 0000:00:16.4: BAR 0 [mem 0xd0ffff55000-0xd0ffff55fff 64bit]
[    4.660210] pci 0000:00:16.4: PME# supported from D3hot
[    4.660270] pci 0000:00:17.0: [8086:1ba2] type 00 class 0x010601 conventional PCI endpoint
[    4.660286] pci 0000:00:17.0: BAR 0 [mem 0x9d104000-0x9d105fff]
[    4.660294] pci 0000:00:17.0: BAR 1 [mem 0x9d10c000-0x9d10c0ff]
[    4.660303] pci 0000:00:17.0: BAR 2 [io  0x1090-0x1097]
[    4.660312] pci 0000:00:17.0: BAR 3 [io  0x10a0-0x10a3]
[    4.660321] pci 0000:00:17.0: BAR 4 [io  0x1060-0x107f]
[    4.660329] pci 0000:00:17.0: BAR 5 [mem 0x9d109000-0x9d1097ff]
[    4.660373] pci 0000:00:17.0: PME# supported from D3hot
[    4.660728] pci 0000:00:18.0: [8086:1bf2] type 00 class 0x010601 conventional PCI endpoint
[    4.660744] pci 0000:00:18.0: BAR 0 [mem 0x9d102000-0x9d103fff]
[    4.660752] pci 0000:00:18.0: BAR 1 [mem 0x9d10b000-0x9d10b0ff]
[    4.660761] pci 0000:00:18.0: BAR 2 [io  0x1088-0x108f]
[    4.660770] pci 0000:00:18.0: BAR 3 [io  0x109c-0x109f]
[    4.660778] pci 0000:00:18.0: BAR 4 [io  0x1040-0x105f]
[    4.660787] pci 0000:00:18.0: BAR 5 [mem 0x9d108000-0x9d1087ff]
[    4.660831] pci 0000:00:18.0: PME# supported from D3hot
[    4.661181] pci 0000:00:19.0: [8086:1bd2] type 00 class 0x010601 conventional PCI endpoint
[    4.661196] pci 0000:00:19.0: BAR 0 [mem 0x9d100000-0x9d101fff]
[    4.661205] pci 0000:00:19.0: BAR 1 [mem 0x9d10a000-0x9d10a0ff]
[    4.661214] pci 0000:00:19.0: BAR 2 [io  0x1080-0x1087]
[    4.661222] pci 0000:00:19.0: BAR 3 [io  0x1098-0x109b]
[    4.661231] pci 0000:00:19.0: BAR 4 [io  0x1020-0x103f]
[    4.661240] pci 0000:00:19.0: BAR 5 [mem 0x9d107000-0x9d1077ff]
[    4.661283] pci 0000:00:19.0: PME# supported from D3hot
[    4.661636] pci 0000:00:1a.0: [8086:1bb4] type 01 class 0x060400 PCIe Root Port
[    4.661654] pci 0000:00:1a.0: BAR 0 [mem 0xd0fffe20000-0xd0fffe3ffff 64bit]
[    4.661663] pci 0000:00:1a.0: PCI bridge to [bus 09]
[    4.661686] pci 0000:00:1a.0: enabling Extended Tags
[    4.661754] pci 0000:00:1a.0: PME# supported from D0 D3hot D3cold
[    4.662314] pci 0000:00:1c.0: [8086:1bb6] type 01 class 0x060400 PCIe Root Port
[    4.662332] pci 0000:00:1c.0: BAR 0 [mem 0xd0fffe00000-0xd0fffe1ffff 64bit]
[    4.662341] pci 0000:00:1c.0: PCI bridge to [bus 0a]
[    4.662364] pci 0000:00:1c.0: enabling Extended Tags
[    4.662431] pci 0000:00:1c.0: PME# supported from D0 D3hot D3cold
[    4.662979] pci 0000:00:1f.0: [8086:1b81] type 00 class 0x060100 conventional PCI endpoint
[    4.663179] pci 0000:00:1f.4: [8086:1bc9] type 00 class 0x0c0500 conventional PCI endpoint
[    4.663204] pci 0000:00:1f.4: BAR 0 [mem 0xd0ffff54000-0xd0ffff540ff 64bit]
[    4.663235] pci 0000:00:1f.4: BAR 4 [io  0x1000-0x101f]
[    4.663364] pci 0000:00:1f.5: [8086:1bca] type 00 class 0x0c8000 conventional PCI endpoint
[    4.663383] pci 0000:00:1f.5: BAR 0 [mem 0xfe010000-0xfe010fff]
[    4.663394] pci 0000:00:1f.5: BAR 1 [mem 0x9a000000-0x9bffffff]
[    4.663531] pci 0000:00:08.0: PCI bridge to [bus 01]
[    4.663581] pci 0000:00:0a.0: PCI bridge to [bus 02]
[    4.663633] pci 0000:00:0c.0: PCI bridge to [bus 03]
[    4.663701] pci 0000:04:00.0: [19e5:1711] type 00 class 0x030000 PCIe Legacy Endpoint
[    4.663720] pci 0000:04:00.0: BAR 0 [mem 0x98000000-0x99ffffff pref]
[    4.663731] pci 0000:04:00.0: BAR 1 [mem 0x9d200000-0x9d3fffff]
[    4.663840] pci 0000:04:00.0: supports D1
[    4.663841] pci 0000:04:00.0: PME# supported from D0 D1 D3hot
[    4.663931] pci 0000:00:0d.0: PCI bridge to [bus 04]
[    4.663983] pci 0000:00:0e.0: PCI bridge to [bus 05]
[    4.664051] pci 0000:06:00.0: [19e5:1710] type 00 class 0x118000 PCIe Endpoint
[    4.664070] pci 0000:06:00.0: BAR 0 [mem 0x94000000-0x97ffffff pref]
[    4.664081] pci 0000:06:00.0: BAR 1 [mem 0x9d000000-0x9d0fffff]
[    4.664092] pci 0000:06:00.0: BAR 2 [mem 0x9c000000-0x9cffffff]
[    4.664189] pci 0000:06:00.0: supports D1
[    4.664190] pci 0000:06:00.0: PME# supported from D0 D1 D3hot
[    4.664279] pci 0000:00:0f.0: PCI bridge to [bus 06]
[    4.664331] pci 0000:00:10.0: PCI bridge to [bus 07]
[    4.664381] pci 0000:00:12.0: PCI bridge to [bus 08]
[    4.664431] pci 0000:00:1a.0: PCI bridge to [bus 09]
[    4.664482] pci 0000:00:1c.0: PCI bridge to [bus 0a]
[    4.664562] pci_bus 0000:00: on NUMA node 0
[    4.665029] ACPI: PCI Root Bridge [PC01] (domain 0000 [bus 15-25])
[    4.665033] acpi PNP0A08:01: _OSC: OS supports [ExtendedConfig ASPM ClockPM Segments MSI EDR HPX-Type3]
[    4.676690] acpi PNP0A08:01: _OSC: platform does not support [SHPCHotplug AER DPC]
[    4.677094] acpi PNP0A08:01: _OSC: OS now controls [PCIeHotplug PME PCIeCapability LTR]
[    4.677095] acpi PNP0A08:01: FADT indicates ASPM is unsupported, using BIOS configuration
[    4.677261] PCI host bridge to bus 0000:15
[    4.677262] pci_bus 0000:15: root bus resource [io  0x4000-0x5fff window]
[    4.677264] pci_bus 0000:15: root bus resource [mem 0x9e000000-0xa6ffffff window]
[    4.677265] pci_bus 0000:15: root bus resource [mem 0xd1000000000-0xd1fffffffff window]
[    4.677267] pci_bus 0000:15: root bus resource [bus 15-25]
[    4.677278] pci 0000:15:00.0: [8086:09a2] type 00 class 0x088000 PCIe Root Complex Integrated Endpoint
[    4.677356] pci 0000:15:00.1: [8086:09a4] type 00 class 0x088000 PCIe Root Complex Integrated Endpoint
[    4.677429] pci 0000:15:00.2: [8086:09a3] type 00 class 0x088000 PCIe Root Complex Integrated Endpoint
[    4.677509] pci 0000:15:00.4: [8086:0b23] type 00 class 0x080700 PCIe Root Complex Event Collector
[    4.677624] pci 0000:15:01.0: [8086:352a] type 01 class 0x060400 PCIe Root Port
[    4.677636] pci 0000:15:01.0: BAR 0 [mem 0xd1ffff00000-0xd1ffff1ffff 64bit]
[    4.677643] pci 0000:15:01.0: PCI bridge to [bus 16]
[    4.677659] pci 0000:15:01.0: enabling Extended Tags
[    4.677714] pci 0000:15:01.0: PME# supported from D0 D3hot D3cold
[    4.677743] pci 0000:15:01.0: PTM enabled (root), 2ns granularity
[    4.678226] pci 0000:15:01.0: PCI bridge to [bus 16]
[    4.678238] pci_bus 0000:15: on NUMA node 0
[    4.678381] ACPI: PCI Root Bridge [PC02] (domain 0000 [bus 26-36])
[    4.678384] acpi PNP0A08:02: _OSC: OS supports [ExtendedConfig ASPM ClockPM Segments MSI EDR HPX-Type3]
[    4.689998] acpi PNP0A08:02: _OSC: platform does not support [SHPCHotplug AER DPC]
[    4.690399] acpi PNP0A08:02: _OSC: OS now controls [PCIeHotplug PME PCIeCapability LTR]
[    4.690400] acpi PNP0A08:02: FADT indicates ASPM is unsupported, using BIOS configuration
[    4.690563] PCI host bridge to bus 0000:26
[    4.690565] pci_bus 0000:26: root bus resource [io  0x6000-0x6fff window]
[    4.690566] pci_bus 0000:26: root bus resource [mem 0xa7000000-0xafffffff window]
[    4.690567] pci_bus 0000:26: root bus resource [mem 0xd2000000000-0xd2fffffffff window]
[    4.690569] pci_bus 0000:26: root bus resource [bus 26-36]
[    4.690579] pci 0000:26:00.0: [8086:09a2] type 00 class 0x088000 PCIe Root Complex Integrated Endpoint
[    4.690656] pci 0000:26:00.1: [8086:09a4] type 00 class 0x088000 PCIe Root Complex Integrated Endpoint
[    4.690729] pci 0000:26:00.2: [8086:09a3] type 00 class 0x088000 PCIe Root Complex Integrated Endpoint
[    4.690807] pci 0000:26:00.4: [8086:0b23] type 00 class 0x080700 PCIe Root Complex Event Collector
[    4.690919] pci 0000:26:01.0: [8086:352a] type 01 class 0x060400 PCIe Root Port
[    4.690931] pci 0000:26:01.0: BAR 0 [mem 0xd2ffe000000-0xd2ffe01ffff 64bit]
[    4.690937] pci 0000:26:01.0: PCI bridge to [bus 27]
[    4.690941] pci 0000:26:01.0:   bridge window [mem 0xa7000000-0xa70fffff]
[    4.690948] pci 0000:26:01.0:   bridge window [mem 0xd2ffc000000-0xd2ffdffffff 64bit pref]
[    4.691000] pci 0000:26:01.0: PME# supported from D0 D3hot D3cold
[    4.691026] pci 0000:26:01.0: PTM enabled (root), 2ns granularity
[    4.691765] pci 0000:27:00.0: [15b3:1017] type 00 class 0x020000 PCIe Endpoint
[    4.691948] pci 0000:27:00.0: BAR 0 [mem 0xd2ffc000000-0xd2ffdffffff 64bit pref]
[    4.692321] pci 0000:27:00.0: ROM [mem 0xa7000000-0xa70fffff pref]
[    4.693008] pci 0000:27:00.0: PME# supported from D3cold
[    4.693722] pci 0000:26:01.0: PCI bridge to [bus 27]
[    4.693733] pci_bus 0000:26: on NUMA node 0
[    4.693872] ACPI: PCI Root Bridge [PC03] (domain 0000 [bus 37-47])
[    4.693875] acpi PNP0A08:03: _OSC: OS supports [ExtendedConfig ASPM ClockPM Segments MSI EDR HPX-Type3]
[    4.705502] acpi PNP0A08:03: _OSC: platform does not support [SHPCHotplug AER DPC]
[    4.705902] acpi PNP0A08:03: _OSC: OS now controls [PCIeHotplug PME PCIeCapability LTR]
[    4.705903] acpi PNP0A08:03: FADT indicates ASPM is unsupported, using BIOS configuration
[    4.706062] PCI host bridge to bus 0000:37
[    4.706063] pci_bus 0000:37: root bus resource [io  0x7000-0x7fff window]
[    4.706065] pci_bus 0000:37: root bus resource [mem 0xb0000000-0xb8ffffff window]
[    4.706066] pci_bus 0000:37: root bus resource [mem 0xd3000000000-0xd3fffffffff window]
[    4.706068] pci_bus 0000:37: root bus resource [bus 37-47]
[    4.706083] pci 0000:37:00.0: [8086:09a2] type 00 class 0x088000 PCIe Root Complex Integrated Endpoint
[    4.706158] pci 0000:37:00.1: [8086:09a4] type 00 class 0x088000 PCIe Root Complex Integrated Endpoint
[    4.706231] pci 0000:37:00.2: [8086:09a3] type 00 class 0x088000 PCIe Root Complex Integrated Endpoint
[    4.706307] pci 0000:37:00.4: [8086:0b23] type 00 class 0x080700 PCIe Root Complex Event Collector
[    4.706421] pci 0000:37:01.0: [8086:352a] type 01 class 0x060400 PCIe Root Port
[    4.706433] pci 0000:37:01.0: BAR 0 [mem 0xd3ffff00000-0xd3ffff1ffff 64bit]
[    4.706439] pci 0000:37:01.0: PCI bridge to [bus 38]
[    4.706442] pci 0000:37:01.0:   bridge window [io  0x7000-0x7fff]
[    4.706444] pci 0000:37:01.0:   bridge window [mem 0xb0000000-0xb01fffff]
[    4.706451] pci 0000:37:01.0:   bridge window [mem 0xd3fffd00000-0xd3fffefffff 64bit pref]
[    4.706503] pci 0000:37:01.0: PME# supported from D0 D3hot D3cold
[    4.706528] pci 0000:37:01.0: PTM enabled (root), 2ns granularity
[    4.706997] pci 0000:38:00.0: [1000:10e2] type 00 class 0x010400 PCIe Endpoint
[    4.707011] pci 0000:38:00.0: BAR 0 [mem 0xd3fffe00000-0xd3fffefffff 64bit pref]
[    4.707021] pci 0000:38:00.0: BAR 2 [mem 0xd3fffd00000-0xd3fffdfffff 64bit pref]
[    4.707027] pci 0000:38:00.0: BAR 4 [mem 0xb0100000-0xb01fffff]
[    4.707034] pci 0000:38:00.0: BAR 5 [io  0x7000-0x70ff]
[    4.707040] pci 0000:38:00.0: ROM [mem 0xb0000000-0xb00fffff pref]
[    4.707105] pci 0000:38:00.0: supports D1 D2
[    4.707228] pci 0000:37:01.0: PCI bridge to [bus 38]
[    4.707239] pci_bus 0000:37: on NUMA node 0
[    4.707377] ACPI: PCI Root Bridge [PC04] (domain 0000 [bus 48-58])
[    4.707380] acpi PNP0A08:04: _OSC: OS supports [ExtendedConfig ASPM ClockPM Segments MSI EDR HPX-Type3]
[    4.719104] acpi PNP0A08:04: _OSC: platform does not support [SHPCHotplug AER DPC]
[    4.719506] acpi PNP0A08:04: _OSC: OS now controls [PCIeHotplug PME PCIeCapability LTR]
[    4.719507] acpi PNP0A08:04: FADT indicates ASPM is unsupported, using BIOS configuration
[    4.719663] PCI host bridge to bus 0000:48
[    4.719664] pci_bus 0000:48: root bus resource [io  0x8000-0x8fff window]
[    4.719666] pci_bus 0000:48: root bus resource [mem 0xb9000000-0xc1bfffff window]
[    4.719667] pci_bus 0000:48: root bus resource [mem 0xd4000000000-0xd4fffffffff window]
[    4.719669] pci_bus 0000:48: root bus resource [bus 48-58]
[    4.719679] pci 0000:48:00.0: [8086:09a2] type 00 class 0x088000 PCIe Root Complex Integrated Endpoint
[    4.719757] pci 0000:48:00.1: [8086:09a4] type 00 class 0x088000 PCIe Root Complex Integrated Endpoint
[    4.719836] pci 0000:48:00.2: [8086:09a3] type 00 class 0x088000 PCIe Root Complex Integrated Endpoint
[    4.719912] pci 0000:48:00.4: [8086:0b23] type 00 class 0x080700 PCIe Root Complex Event Collector
[    4.720028] pci_bus 0000:48: on NUMA node 0
[    4.720163] ACPI: PCI Root Bridge [PC05] (domain 0000 [bus 59-69])
[    4.720165] acpi PNP0A08:05: _OSC: OS supports [ExtendedConfig ASPM ClockPM Segments MSI EDR HPX-Type3]
[    4.731732] acpi PNP0A08:05: _OSC: platform does not support [SHPCHotplug AER DPC]
[    4.732129] acpi PNP0A08:05: _OSC: OS now controls [PCIeHotplug PME PCIeCapability LTR]
[    4.732131] acpi PNP0A08:05: FADT indicates ASPM is unsupported, using BIOS configuration
[    4.732284] PCI host bridge to bus 0000:59
[    4.732285] pci_bus 0000:59: root bus resource [io  0x9000-0x9fff window]
[    4.732287] pci_bus 0000:59: root bus resource [mem 0xc1c00000-0xca7fffff window]
[    4.732288] pci_bus 0000:59: root bus resource [mem 0xd5000000000-0xd5fffffffff window]
[    4.732289] pci_bus 0000:59: root bus resource [bus 59-69]
[    4.732300] pci 0000:59:00.0: [8086:09a2] type 00 class 0x088000 PCIe Root Complex Integrated Endpoint
[    4.732374] pci 0000:59:00.1: [8086:09a4] type 00 class 0x088000 PCIe Root Complex Integrated Endpoint
[    4.732449] pci 0000:59:00.2: [8086:09a3] type 00 class 0x088000 PCIe Root Complex Integrated Endpoint
[    4.732524] pci 0000:59:00.4: [8086:0b23] type 00 class 0x080700 PCIe Root Complex Event Collector
[    4.732640] pci_bus 0000:59: on NUMA node 0
[    4.732815] ACPI: PCI Root Bridge [DI08] (domain 0000 [bus 6a])
[    4.732817] acpi PNP0A08:07: _OSC: OS supports [ExtendedConfig ASPM ClockPM Segments MSI EDR HPX-Type3]
[    4.743896] acpi PNP0A08:07: _OSC: platform does not support [SHPCHotplug AER DPC]
[    4.743999] acpi PNP0A08:07: _OSC: OS now controls [PCIeHotplug PME PCIeCapability LTR]
[    4.744000] acpi PNP0A08:07: FADT indicates ASPM is unsupported, using BIOS configuration
[    4.744077] PCI host bridge to bus 0000:6a
[    4.744078] pci_bus 0000:6a: root bus resource [mem 0xca800000-0xcaffffff window]
[    4.744079] pci_bus 0000:6a: root bus resource [mem 0xd6500000000-0xd6fffffffff window]
[    4.744080] pci_bus 0000:6a: root bus resource [bus 6a]
[    4.744090] pci 0000:6a:00.0: [8086:09a2] type 00 class 0x088000 PCIe Root Complex Integrated Endpoint
[    4.744163] pci 0000:6a:00.1: [8086:09a4] type 00 class 0x088000 PCIe Root Complex Integrated Endpoint
[    4.744239] pci 0000:6a:00.2: [8086:09a3] type 00 class 0x088000 PCIe Root Complex Integrated Endpoint
[    4.744311] pci 0000:6a:00.4: [8086:0b23] type 00 class 0x080700 PCIe Root Complex Event Collector
[    4.744419] pci 0000:6a:01.0: [8086:0b25] type 00 class 0x088000 PCIe Root Complex Integrated Endpoint
[    4.744430] pci 0000:6a:01.0: BAR 0 [mem 0xd6ffff40000-0xd6ffff4ffff 64bit pref]
[    4.744437] pci 0000:6a:01.0: BAR 2 [mem 0xd6ffff00000-0xd6ffff1ffff 64bit pref]
[    4.744560] pci 0000:6a:02.0: [8086:0cfe] type 00 class 0x088000 PCIe Root Complex Integrated Endpoint
[    4.744570] pci 0000:6a:02.0: BAR 0 [mem 0xd6ffff50000-0xd6ffff5ffff 64bit pref]
[    4.744578] pci 0000:6a:02.0: BAR 2 [mem 0xd6ffff20000-0xd6ffff3ffff 64bit pref]
[    4.744693] pci 0000:6a:03.0: [8086:09a6] type 00 class 0x088000 PCIe Root Complex Integrated Endpoint
[    4.744702] pci 0000:6a:03.0: BAR 0 [mem 0xca800000-0xca8fffff]
[    4.744797] pci 0000:6a:03.1: [8086:09a7] type 00 class 0x088000 PCIe Root Complex Integrated Endpoint
[    4.744806] pci 0000:6a:03.1: BAR 0 [mem 0xca940000-0xca941fff]
[    4.744812] pci 0000:6a:03.1: BAR 1 [mem 0xca900000-0xca93ffff]
[    4.744938] pci_bus 0000:6a: on NUMA node 0
[    4.745040] ACPI: PCI Root Bridge [CP08] (domain 0000 [bus 6b-6c])
[    4.745042] acpi PNP0A08:08: _OSC: OS supports [ExtendedConfig ASPM ClockPM Segments MSI EDR HPX-Type3]
[    4.756235] acpi PNP0A08:08: _OSC: platform does not support [SHPCHotplug AER DPC]
[    4.756337] acpi PNP0A08:08: _OSC: OS now controls [PCIeHotplug PME PCIeCapability LTR]
[    4.756338] acpi PNP0A08:08: FADT indicates ASPM is unsupported, using BIOS configuration
[    4.756401] PCI host bridge to bus 0000:6b
[    4.756402] pci_bus 0000:6b: root bus resource [mem 0xd6000000000-0xd60ffffffff window]
[    4.756403] pci_bus 0000:6b: root bus resource [bus 6b-6c]
[    4.756417] pci 0000:6b:00.0: [8086:4940] type 00 class 0x0b4000 PCIe Root Complex Integrated Endpoint
[    4.756428] pci 0000:6b:00.0: BAR 0 [mem 0xd60ffa00000-0xd60ffa7ffff 64bit]
[    4.756436] pci 0000:6b:00.0: BAR 2 [mem 0xd60ff000000-0xd60ff7fffff 64bit]
[    4.756443] pci 0000:6b:00.0: BAR 4 [mem 0xd60ff800000-0xd60ff9fffff 64bit]
[    4.756504] pci 0000:6b:00.0: VF BAR 0 [mem 0xd60ffb00000-0xd60ffb07fff 64bit]
[    4.756506] pci 0000:6b:00.0: VF BAR 0 [mem 0xd60ffb00000-0xd60ffb7ffff 64bit]: contains BAR 0 for 16 VFs
[    4.756512] pci 0000:6b:00.0: VF BAR 2 [mem 0xd60ffb80000-0xd60ffb81fff 64bit]
[    4.756513] pci 0000:6b:00.0: VF BAR 2 [mem 0xd60ffb80000-0xd60ffb9ffff 64bit]: contains BAR 2 for 16 VFs
[    4.756520] pci 0000:6b:00.0: VF BAR 4 [mem 0xd60ffa80000-0xd60ffa87fff 64bit]
[    4.756521] pci 0000:6b:00.0: VF BAR 4 [mem 0xd60ffa80000-0xd60ffafffff 64bit]: contains BAR 4 for 16 VFs
[    4.756618] pci_bus 0000:6b: on NUMA node 0
[    4.756716] ACPI: PCI Root Bridge [HQ08] (domain 0000 [bus 6d-6e])
[    4.756718] acpi PNP0A08:09: _OSC: OS supports [ExtendedConfig ASPM ClockPM Segments MSI EDR HPX-Type3]
[    4.767986] acpi PNP0A08:09: _OSC: platform does not support [SHPCHotplug AER DPC]
[    4.768089] acpi PNP0A08:09: _OSC: OS now controls [PCIeHotplug PME PCIeCapability LTR]
[    4.768090] acpi PNP0A08:09: FADT indicates ASPM is unsupported, using BIOS configuration
[    4.768150] PCI host bridge to bus 0000:6d
[    4.768151] pci_bus 0000:6d: root bus resource [mem 0xd6100000000-0xd64ffffffff window]
[    4.768152] pci_bus 0000:6d: root bus resource [bus 6d-6e]
[    4.768163] pci 0000:6d:00.0: [8086:2710] type 00 class 0x0b4000 PCIe Root Complex Integrated Endpoint
[    4.768174] pci 0000:6d:00.0: BAR 0 [mem 0xd6400000000-0xd6403ffffff 64bit pref]
[    4.768181] pci 0000:6d:00.0: BAR 2 [mem 0xd6300000000-0xd63ffffffff 64bit pref]
[    4.768236] pci 0000:6d:00.0: VF BAR 0 [mem 0xd6404000000-0xd6407ffffff 64bit pref]
[    4.768237] pci 0000:6d:00.0: VF BAR 0 [mem 0xd6404000000-0xd6443ffffff 64bit pref]: contains BAR 0 for 16 VFs
[    4.768329] pci_bus 0000:6d: on NUMA node 0
[    4.768448] ACPI: PCI Root Bridge [DI09] (domain 0000 [bus 6f-73])
[    4.768451] acpi PNP0A08:0e: _OSC: OS supports [ExtendedConfig ASPM ClockPM Segments MSI EDR HPX-Type3]
[    4.779521] acpi PNP0A08:0e: _OSC: platform does not support [SHPCHotplug AER DPC]
[    4.779624] acpi PNP0A08:0e: _OSC: OS now controls [PCIeHotplug PME PCIeCapability LTR]
[    4.779625] acpi PNP0A08:0e: FADT indicates ASPM is unsupported, using BIOS configuration
[    4.779703] PCI host bridge to bus 0000:6f
[    4.779704] pci_bus 0000:6f: root bus resource [mem 0xcb000000-0xcb7fffff window]
[    4.779705] pci_bus 0000:6f: root bus resource [mem 0xd7000000000-0xd7fffffffff window]
[    4.779707] pci_bus 0000:6f: root bus resource [bus 6f-73]
[    4.779721] pci 0000:6f:00.0: [8086:09a2] type 00 class 0x088000 PCIe Root Complex Integrated Endpoint
[    4.779800] pci 0000:6f:00.1: [8086:09a4] type 00 class 0x088000 PCIe Root Complex Integrated Endpoint
[    4.779875] pci 0000:6f:00.2: [8086:09a3] type 00 class 0x088000 PCIe Root Complex Integrated Endpoint
[    4.779950] pci 0000:6f:00.4: [8086:0b23] type 00 class 0x080700 PCIe Root Complex Event Collector
[    4.780068] pci_bus 0000:6f: on NUMA node 0
[    4.780285] ACPI: PCI Root Bridge [DI0A] (domain 0000 [bus 74-78])
[    4.780287] acpi PNP0A08:15: _OSC: OS supports [ExtendedConfig ASPM ClockPM Segments MSI EDR HPX-Type3]
[    4.791378] acpi PNP0A08:15: _OSC: platform does not support [SHPCHotplug AER DPC]
[    4.791481] acpi PNP0A08:15: _OSC: OS now controls [PCIeHotplug PME PCIeCapability LTR]
[    4.791482] acpi PNP0A08:15: FADT indicates ASPM is unsupported, using BIOS configuration
[    4.791560] PCI host bridge to bus 0000:74
[    4.791561] pci_bus 0000:74: root bus resource [mem 0xcb800000-0xcbffffff window]
[    4.791562] pci_bus 0000:74: root bus resource [mem 0xd8000000000-0xd8fffffffff window]
[    4.791564] pci_bus 0000:74: root bus resource [bus 74-78]
[    4.791574] pci 0000:74:00.0: [8086:09a2] type 00 class 0x088000 PCIe Root Complex Integrated Endpoint
[    4.791649] pci 0000:74:00.1: [8086:09a4] type 00 class 0x088000 PCIe Root Complex Integrated Endpoint
[    4.791723] pci 0000:74:00.2: [8086:09a3] type 00 class 0x088000 PCIe Root Complex Integrated Endpoint
[    4.791798] pci 0000:74:00.4: [8086:0b23] type 00 class 0x080700 PCIe Root Complex Event Collector
[    4.791915] pci_bus 0000:74: on NUMA node 0
[    4.792129] ACPI: PCI Root Bridge [DI0B] (domain 0000 [bus 79-7d])
[    4.792132] acpi PNP0A08:1c: _OSC: OS supports [ExtendedConfig ASPM ClockPM Segments MSI EDR HPX-Type3]
[    4.802197] acpi PNP0A08:1c: _OSC: platform does not support [SHPCHotplug AER DPC]
[    4.802299] acpi PNP0A08:1c: _OSC: OS now controls [PCIeHotplug PME PCIeCapability LTR]
[    4.802301] acpi PNP0A08:1c: FADT indicates ASPM is unsupported, using BIOS configuration
[    4.802378] PCI host bridge to bus 0000:79
[    4.802379] pci_bus 0000:79: root bus resource [mem 0xcc000000-0xcc7fffff window]
[    4.802380] pci_bus 0000:79: root bus resource [mem 0xd9000000000-0xd9fffffffff window]
[    4.802381] pci_bus 0000:79: root bus resource [bus 79-7d]
[    4.802395] pci 0000:79:00.0: [8086:09a2] type 00 class 0x088000 PCIe Root Complex Integrated Endpoint
[    4.802469] pci 0000:79:00.1: [8086:09a4] type 00 class 0x088000 PCIe Root Complex Integrated Endpoint
[    4.802545] pci 0000:79:00.2: [8086:09a3] type 00 class 0x088000 PCIe Root Complex Integrated Endpoint
[    4.802622] pci 0000:79:00.4: [8086:0b23] type 00 class 0x080700 PCIe Root Complex Event Collector
[    4.802742] pci_bus 0000:79: on NUMA node 0
[    4.802940] ACPI: PCI Root Bridge [UB00] (domain 0000 [bus 7e])
[    4.802942] acpi PNP0A03:00: _OSC: OS supports [ExtendedConfig ASPM ClockPM Segments MSI EDR HPX-Type3]
[    4.803018] acpi PNP0A03:00: _OSC: platform does not support [SHPCHotplug AER LTR DPC]
[    4.803156] acpi PNP0A03:00: _OSC: OS now controls [PCIeHotplug PME PCIeCapability]
[    4.803157] acpi PNP0A03:00: FADT indicates ASPM is unsupported, using BIOS configuration
[    4.803242] PCI host bridge to bus 0000:7e
[    4.803243] pci_bus 0000:7e: root bus resource [bus 7e]
[    4.803252] pci 0000:7e:00.0: [8086:3250] type 00 class 0x088000 PCIe Root Complex Integrated Endpoint
[    4.803331] pci 0000:7e:00.1: [8086:3251] type 00 class 0x088000 PCIe Root Complex Integrated Endpoint
[    4.803393] pci 0000:7e:00.2: [8086:3252] type 00 class 0x088000 PCIe Root Complex Integrated Endpoint
[    4.803455] pci 0000:7e:00.3: [8086:0998] type 00 class 0x060000 PCIe Root Complex Integrated Endpoint
[    4.803541] pci 0000:7e:00.5: [8086:3255] type 00 class 0x088000 PCIe Root Complex Integrated Endpoint
[    4.803609] pci 0000:7e:01.0: [8086:3240] type 00 class 0x088000 PCIe Root Complex Integrated Endpoint
[    4.803712] pci 0000:7e:01.1: [8086:3241] type 00 class 0x088000 PCIe Root Complex Integrated Endpoint
[    4.803809] pci 0000:7e:01.2: [8086:3242] type 00 class 0x088000 PCIe Root Complex Integrated Endpoint
[    4.803916] pci 0000:7e:02.0: [8086:3240] type 00 class 0x088000 PCIe Root Complex Integrated Endpoint
[    4.804067] pci 0000:7e:02.1: [8086:3241] type 00 class 0x088000 PCIe Root Complex Integrated Endpoint
[    4.804215] pci 0000:7e:02.2: [8086:3242] type 00 class 0x088000 PCIe Root Complex Integrated Endpoint
[    4.804364] pci 0000:7e:03.0: [8086:3240] type 00 class 0x088000 PCIe Root Complex Integrated Endpoint
[    4.804514] pci 0000:7e:03.1: [8086:3241] type 00 class 0x088000 PCIe Root Complex Integrated Endpoint
[    4.804657] pci 0000:7e:03.2: [8086:3242] type 00 class 0x088000 PCIe Root Complex Integrated Endpoint
[    4.804799] pci 0000:7e:05.0: [8086:3245] type 00 class 0x088000 PCIe Root Complex Integrated Endpoint
[    4.804896] pci 0000:7e:05.1: [8086:3246] type 00 class 0x088000 PCIe Root Complex Integrated Endpoint
[    4.804991] pci 0000:7e:05.2: [8086:3247] type 00 class 0x088000 PCIe Root Complex Integrated Endpoint
[    4.805097] pci 0000:7e:06.0: [8086:3245] type 00 class 0x088000 PCIe Root Complex Integrated Endpoint
[    4.805244] pci 0000:7e:06.1: [8086:3246] type 00 class 0x088000 PCIe Root Complex Integrated Endpoint
[    4.805390] pci 0000:7e:06.2: [8086:3247] type 00 class 0x088000 PCIe Root Complex Integrated Endpoint
[    4.805541] pci 0000:7e:07.0: [8086:3245] type 00 class 0x088000 PCIe Root Complex Integrated Endpoint
[    4.805682] pci 0000:7e:07.1: [8086:3246] type 00 class 0x088000 PCIe Root Complex Integrated Endpoint
[    4.805823] pci 0000:7e:07.2: [8086:3247] type 00 class 0x088000 PCIe Root Complex Integrated Endpoint
[    4.805972] pci 0000:7e:08.0: [8086:3245] type 00 class 0x088000 PCIe Root Complex Integrated Endpoint
[    4.806155] pci 0000:7e:08.1: [8086:3246] type 00 class 0x088000 PCIe Root Complex Integrated Endpoint
[    4.806341] pci 0000:7e:08.2: [8086:3247] type 00 class 0x088000 PCIe Root Complex Integrated Endpoint
[    4.806524] pci 0000:7e:0c.0: [8086:324a] type 00 class 0x110100 PCIe Root Complex Integrated Endpoint
[    4.806628] pci 0000:7e:0d.0: [8086:324a] type 00 class 0x110100 PCIe Root Complex Integrated Endpoint
[    4.806764] pci 0000:7e:0e.0: [8086:324a] type 00 class 0x110100 PCIe Root Complex Integrated Endpoint
[    4.806895] pci 0000:7e:0f.0: [8086:324a] type 00 class 0x110100 PCIe Root Complex Integrated Endpoint
[    4.807053] pci 0000:7e:1a.0: [8086:2880] type 00 class 0x110100 PCIe Root Complex Integrated Endpoint
[    4.807157] pci 0000:7e:1b.0: [8086:2880] type 00 class 0x110100 PCIe Root Complex Integrated Endpoint
[    4.807289] pci 0000:7e:1c.0: [8086:2880] type 00 class 0x110100 PCIe Root Complex Integrated Endpoint
[    4.807424] pci 0000:7e:1d.0: [8086:2880] type 00 class 0x110100 PCIe Root Complex Integrated Endpoint
[    4.807572] pci_bus 0000:7e: on NUMA node 0
[    4.807624] ACPI: PCI Root Bridge [UB01] (domain 0000 [bus 7f])
[    4.807626] acpi PNP0A03:01: _OSC: OS supports [ExtendedConfig ASPM ClockPM Segments MSI EDR HPX-Type3]
[    4.807700] acpi PNP0A03:01: _OSC: platform does not support [SHPCHotplug AER LTR DPC]
[    4.807836] acpi PNP0A03:01: _OSC: OS now controls [PCIeHotplug PME PCIeCapability]
[    4.807837] acpi PNP0A03:01: FADT indicates ASPM is unsupported, using BIOS configuration
[    4.807921] PCI host bridge to bus 0000:7f
[    4.807922] pci_bus 0000:7f: root bus resource [bus 7f]
[    4.807935] pci 0000:7f:00.0: [8086:324c] type 00 class 0x088000 PCIe Root Complex Integrated Endpoint
[    4.808043] pci 0000:7f:00.1: [8086:324c] type 00 class 0x088000 PCIe Root Complex Integrated Endpoint
[    4.808150] pci 0000:7f:00.2: [8086:324c] type 00 class 0x088000 PCIe Root Complex Integrated Endpoint
[    4.808263] pci 0000:7f:00.3: [8086:324c] type 00 class 0x088000 PCIe Root Complex Integrated Endpoint
[    4.808372] pci 0000:7f:00.4: [8086:324c] type 00 class 0x088000 PCIe Root Complex Integrated Endpoint
[    4.808471] pci 0000:7f:00.5: [8086:324c] type 00 class 0x088000 PCIe Root Complex Integrated Endpoint
[    4.808576] pci 0000:7f:00.6: [8086:324c] type 00 class 0x088000 PCIe Root Complex Integrated Endpoint
[    4.808670] pci 0000:7f:00.7: [8086:324c] type 00 class 0x088000 PCIe Root Complex Integrated Endpoint
[    4.808766] pci 0000:7f:01.0: [8086:324c] type 00 class 0x088000 PCIe Root Complex Integrated Endpoint
[    4.808885] pci 0000:7f:01.1: [8086:324c] type 00 class 0x088000 PCIe Root Complex Integrated Endpoint
[    4.808989] pci 0000:7f:01.2: [8086:324c] type 00 class 0x088000 PCIe Root Complex Integrated Endpoint
[    4.809079] pci 0000:7f:01.3: [8086:324c] type 00 class 0x088000 PCIe Root Complex Integrated Endpoint
[    4.809179] pci 0000:7f:01.4: [8086:324c] type 00 class 0x088000 PCIe Root Complex Integrated Endpoint
[    4.809278] pci 0000:7f:01.5: [8086:324c] type 00 class 0x088000 PCIe Root Complex Integrated Endpoint
[    4.809384] pci 0000:7f:01.6: [8086:324c] type 00 class 0x088000 PCIe Root Complex Integrated Endpoint
[    4.809490] pci 0000:7f:01.7: [8086:324c] type 00 class 0x088000 PCIe Root Complex Integrated Endpoint
[    4.809598] pci 0000:7f:02.0: [8086:324c] type 00 class 0x088000 PCIe Root Complex Integrated Endpoint
[    4.809709] pci 0000:7f:02.1: [8086:324c] type 00 class 0x088000 PCIe Root Complex Integrated Endpoint
[    4.809824] pci 0000:7f:02.2: [8086:324c] type 00 class 0x088000 PCIe Root Complex Integrated Endpoint
[    4.809934] pci 0000:7f:02.3: [8086:324c] type 00 class 0x088000 PCIe Root Complex Integrated Endpoint
[    4.810044] pci 0000:7f:02.4: [8086:324c] type 00 class 0x088000 PCIe Root Complex Integrated Endpoint
[    4.810159] pci 0000:7f:02.5: [8086:324c] type 00 class 0x088000 PCIe Root Complex Integrated Endpoint
[    4.810274] pci 0000:7f:02.6: [8086:324c] type 00 class 0x088000 PCIe Root Complex Integrated Endpoint
[    4.810391] pci 0000:7f:02.7: [8086:324c] type 00 class 0x088000 PCIe Root Complex Integrated Endpoint
[    4.810510] pci 0000:7f:03.0: [8086:324c] type 00 class 0x088000 PCIe Root Complex Integrated Endpoint
[    4.810628] pci 0000:7f:03.1: [8086:324c] type 00 class 0x088000 PCIe Root Complex Integrated Endpoint
[    4.810753] pci 0000:7f:03.2: [8086:324c] type 00 class 0x088000 PCIe Root Complex Integrated Endpoint
[    4.810908] pci 0000:7f:03.3: [8086:324c] type 00 class 0x088000 PCIe Root Complex Integrated Endpoint
[    4.811062] pci 0000:7f:03.4: [8086:324c] type 00 class 0x088000 PCIe Root Complex Integrated Endpoint
[    4.811209] pci 0000:7f:03.5: [8086:324c] type 00 class 0x088000 PCIe Root Complex Integrated Endpoint
[    4.811357] pci 0000:7f:03.6: [8086:324c] type 00 class 0x088000 PCIe Root Complex Integrated Endpoint
[    4.811510] pci 0000:7f:03.7: [8086:324c] type 00 class 0x088000 PCIe Root Complex Integrated Endpoint
[    4.811660] pci 0000:7f:04.0: [8086:324c] type 00 class 0x088000 PCIe Root Complex Integrated Endpoint
[    4.811803] pci 0000:7f:04.1: [8086:324c] type 00 class 0x088000 PCIe Root Complex Integrated Endpoint
[    4.811955] pci 0000:7f:04.2: [8086:324c] type 00 class 0x088000 PCIe Root Complex Integrated Endpoint
[    4.812095] pci 0000:7f:04.3: [8086:324c] type 00 class 0x088000 PCIe Root Complex Integrated Endpoint
[    4.812238] pci 0000:7f:04.4: [8086:324c] type 00 class 0x088000 PCIe Root Complex Integrated Endpoint
[    4.812381] pci 0000:7f:04.5: [8086:324c] type 00 class 0x088000 PCIe Root Complex Integrated Endpoint
[    4.812520] pci 0000:7f:04.6: [8086:324c] type 00 class 0x088000 PCIe Root Complex Integrated Endpoint
[    4.812657] pci 0000:7f:04.7: [8086:324c] type 00 class 0x088000 PCIe Root Complex Integrated Endpoint
[    4.812807] pci 0000:7f:05.0: [8086:324c] type 00 class 0x088000 PCIe Root Complex Integrated Endpoint
[    4.812958] pci 0000:7f:05.1: [8086:324c] type 00 class 0x088000 PCIe Root Complex Integrated Endpoint
[    4.813114] pci 0000:7f:05.2: [8086:324c] type 00 class 0x088000 PCIe Root Complex Integrated Endpoint
[    4.813270] pci 0000:7f:05.3: [8086:324c] type 00 class 0x088000 PCIe Root Complex Integrated Endpoint
[    4.813426] pci 0000:7f:05.4: [8086:324c] type 00 class 0x088000 PCIe Root Complex Integrated Endpoint
[    4.813580] pci 0000:7f:05.5: [8086:324c] type 00 class 0x088000 PCIe Root Complex Integrated Endpoint
[    4.813737] pci 0000:7f:05.6: [8086:324c] type 00 class 0x088000 PCIe Root Complex Integrated Endpoint
[    4.813897] pci 0000:7f:05.7: [8086:324c] type 00 class 0x088000 PCIe Root Complex Integrated Endpoint
[    4.814056] pci 0000:7f:06.0: [8086:324c] type 00 class 0x088000 PCIe Root Complex Integrated Endpoint
[    4.814215] pci 0000:7f:06.1: [8086:324c] type 00 class 0x088000 PCIe Root Complex Integrated Endpoint
[    4.814385] pci 0000:7f:06.2: [8086:324c] type 00 class 0x088000 PCIe Root Complex Integrated Endpoint
[    4.814549] pci 0000:7f:06.3: [8086:324c] type 00 class 0x088000 PCIe Root Complex Integrated Endpoint
[    4.814712] pci 0000:7f:0a.0: [8086:324d] type 00 class 0x088000 PCIe Root Complex Integrated Endpoint
[    4.814829] pci 0000:7f:0a.1: [8086:324d] type 00 class 0x088000 PCIe Root Complex Integrated Endpoint
[    4.814933] pci 0000:7f:0a.2: [8086:324d] type 00 class 0x088000 PCIe Root Complex Integrated Endpoint
[    4.815043] pci 0000:7f:0a.3: [8086:324d] type 00 class 0x088000 PCIe Root Complex Integrated Endpoint
[    4.815152] pci 0000:7f:0a.4: [8086:324d] type 00 class 0x088000 PCIe Root Complex Integrated Endpoint
[    4.815251] pci 0000:7f:0a.5: [8086:324d] type 00 class 0x088000 PCIe Root Complex Integrated Endpoint
[    4.815361] pci 0000:7f:0a.6: [8086:324d] type 00 class 0x088000 PCIe Root Complex Integrated Endpoint
[    4.815454] pci 0000:7f:0a.7: [8086:324d] type 00 class 0x088000 PCIe Root Complex Integrated Endpoint
[    4.815551] pci 0000:7f:0b.0: [8086:324d] type 00 class 0x088000 PCIe Root Complex Integrated Endpoint
[    4.815653] pci 0000:7f:0b.1: [8086:324d] type 00 class 0x088000 PCIe Root Complex Integrated Endpoint
[    4.815755] pci 0000:7f:0b.2: [8086:324d] type 00 class 0x088000 PCIe Root Complex Integrated Endpoint
[    4.815845] pci 0000:7f:0b.3: [8086:324d] type 00 class 0x088000 PCIe Root Complex Integrated Endpoint
[    4.815944] pci 0000:7f:0b.4: [8086:324d] type 00 class 0x088000 PCIe Root Complex Integrated Endpoint
[    4.816044] pci 0000:7f:0b.5: [8086:324d] type 00 class 0x088000 PCIe Root Complex Integrated Endpoint
[    4.816154] pci 0000:7f:0b.6: [8086:324d] type 00 class 0x088000 PCIe Root Complex Integrated Endpoint
[    4.816261] pci 0000:7f:0b.7: [8086:324d] type 00 class 0x088000 PCIe Root Complex Integrated Endpoint
[    4.816366] pci 0000:7f:0c.0: [8086:324d] type 00 class 0x088000 PCIe Root Complex Integrated Endpoint
[    4.816478] pci 0000:7f:0c.1: [8086:324d] type 00 class 0x088000 PCIe Root Complex Integrated Endpoint
[    4.816590] pci 0000:7f:0c.2: [8086:324d] type 00 class 0x088000 PCIe Root Complex Integrated Endpoint
[    4.816700] pci 0000:7f:0c.3: [8086:324d] type 00 class 0x088000 PCIe Root Complex Integrated Endpoint
[    4.816809] pci 0000:7f:0c.4: [8086:324d] type 00 class 0x088000 PCIe Root Complex Integrated Endpoint
[    4.816925] pci 0000:7f:0c.5: [8086:324d] type 00 class 0x088000 PCIe Root Complex Integrated Endpoint
[    4.817044] pci 0000:7f:0c.6: [8086:324d] type 00 class 0x088000 PCIe Root Complex Integrated Endpoint
[    4.817163] pci 0000:7f:0c.7: [8086:324d] type 00 class 0x088000 PCIe Root Complex Integrated Endpoint
[    4.817281] pci 0000:7f:0d.0: [8086:324d] type 00 class 0x088000 PCIe Root Complex Integrated Endpoint
[    4.817407] pci 0000:7f:0d.1: [8086:324d] type 00 class 0x088000 PCIe Root Complex Integrated Endpoint
[    4.817531] pci 0000:7f:0d.2: [8086:324d] type 00 class 0x088000 PCIe Root Complex Integrated Endpoint
[    4.817687] pci 0000:7f:0d.3: [8086:324d] type 00 class 0x088000 PCIe Root Complex Integrated Endpoint
[    4.817842] pci 0000:7f:0d.4: [8086:324d] type 00 class 0x088000 PCIe Root Complex Integrated Endpoint
[    4.817988] pci 0000:7f:0d.5: [8086:324d] type 00 class 0x088000 PCIe Root Complex Integrated Endpoint
[    4.818146] pci 0000:7f:0d.6: [8086:324d] type 00 class 0x088000 PCIe Root Complex Integrated Endpoint
[    4.818301] pci 0000:7f:0d.7: [8086:324d] type 00 class 0x088000 PCIe Root Complex Integrated Endpoint
[    4.818452] pci 0000:7f:0e.0: [8086:324d] type 00 class 0x088000 PCIe Root Complex Integrated Endpoint
[    4.818595] pci 0000:7f:0e.1: [8086:324d] type 00 class 0x088000 PCIe Root Complex Integrated Endpoint
[    4.818743] pci 0000:7f:0e.2: [8086:324d] type 00 class 0x088000 PCIe Root Complex Integrated Endpoint
[    4.818883] pci 0000:7f:0e.3: [8086:324d] type 00 class 0x088000 PCIe Root Complex Integrated Endpoint
[    4.819028] pci 0000:7f:0e.4: [8086:324d] type 00 class 0x088000 PCIe Root Complex Integrated Endpoint
[    4.819168] pci 0000:7f:0e.5: [8086:324d] type 00 class 0x088000 PCIe Root Complex Integrated Endpoint
[    4.819309] pci 0000:7f:0e.6: [8086:324d] type 00 class 0x088000 PCIe Root Complex Integrated Endpoint
[    4.819447] pci 0000:7f:0e.7: [8086:324d] type 00 class 0x088000 PCIe Root Complex Integrated Endpoint
[    4.819600] pci 0000:7f:0f.0: [8086:324d] type 00 class 0x088000 PCIe Root Complex Integrated Endpoint
[    4.819751] pci 0000:7f:0f.1: [8086:324d] type 00 class 0x088000 PCIe Root Complex Integrated Endpoint
[    4.819902] pci 0000:7f:0f.2: [8086:324d] type 00 class 0x088000 PCIe Root Complex Integrated Endpoint
[    4.820058] pci 0000:7f:0f.3: [8086:324d] type 00 class 0x088000 PCIe Root Complex Integrated Endpoint
[    4.820214] pci 0000:7f:0f.4: [8086:324d] type 00 class 0x088000 PCIe Root Complex Integrated Endpoint
[    4.820371] pci 0000:7f:0f.5: [8086:324d] type 00 class 0x088000 PCIe Root Complex Integrated Endpoint
[    4.820531] pci 0000:7f:0f.6: [8086:324d] type 00 class 0x088000 PCIe Root Complex Integrated Endpoint
[    4.820690] pci 0000:7f:0f.7: [8086:324d] type 00 class 0x088000 PCIe Root Complex Integrated Endpoint
[    4.820850] pci 0000:7f:10.0: [8086:324d] type 00 class 0x088000 PCIe Root Complex Integrated Endpoint
[    4.821009] pci 0000:7f:10.1: [8086:324d] type 00 class 0x088000 PCIe Root Complex Integrated Endpoint
[    4.821170] pci 0000:7f:10.2: [8086:324d] type 00 class 0x088000 PCIe Root Complex Integrated Endpoint
[    4.821334] pci 0000:7f:10.3: [8086:324d] type 00 class 0x088000 PCIe Root Complex Integrated Endpoint
[    4.821512] pci 0000:7f:1d.0: [8086:344f] type 00 class 0x088000 PCIe Root Complex Integrated Endpoint
[    4.821640] pci 0000:7f:1d.1: [8086:3457] type 00 class 0x088000 PCIe Root Complex Integrated Endpoint
[    4.821759] pci 0000:7f:1e.0: [8086:3258] type 00 class 0x088000 conventional PCI endpoint
[    4.821829] pci 0000:7f:1e.1: [8086:3259] type 00 class 0x088000 conventional PCI endpoint
[    4.821880] pci 0000:7f:1e.2: [8086:325a] type 00 class 0x088000 conventional PCI endpoint
[    4.821928] pci 0000:7f:1e.3: [8086:325b] type 00 class 0x088000 conventional PCI endpoint
[    4.821978] pci 0000:7f:1e.4: [8086:325c] type 00 class 0x088000 conventional PCI endpoint
[    4.822027] pci 0000:7f:1e.5: [8086:325d] type 00 class 0x088000 conventional PCI endpoint
[    4.822075] pci 0000:7f:1e.6: [8086:325e] type 00 class 0x088000 conventional PCI endpoint
[    4.822125] pci 0000:7f:1e.7: [8086:325f] type 00 class 0x088000 conventional PCI endpoint
[    4.822175] pci_bus 0000:7f: on NUMA node 0
[    4.822280] ACPI: PCI Root Bridge [PC11] (domain 0000 [bus 97])
[    4.822283] acpi PNP0A08:24: _OSC: OS supports [ExtendedConfig ASPM ClockPM Segments MSI EDR HPX-Type3]
[    4.833862] acpi PNP0A08:24: _OSC: platform does not support [SHPCHotplug AER DPC]
[    4.834268] acpi PNP0A08:24: _OSC: OS now controls [PCIeHotplug PME PCIeCapability LTR]
[    4.834269] acpi PNP0A08:24: FADT indicates ASPM is unsupported, using BIOS configuration
[    4.834437] PCI host bridge to bus 0000:97
[    4.834438] pci_bus 0000:97: root bus resource [io  0xb000-0xbfff window]
[    4.834439] pci_bus 0000:97: root bus resource [mem 0xdbf00000-0xdbffffff window]
[    4.834441] pci_bus 0000:97: root bus resource [mem 0xdbf00000000-0xdbfffffffff window]
[    4.834442] pci_bus 0000:97: root bus resource [bus 97]
[    4.834458] pci 0000:97:00.0: [8086:09a2] type 00 class 0x088000 PCIe Root Complex Integrated Endpoint
[    4.834540] pci 0000:97:00.1: [8086:09a4] type 00 class 0x088000 PCIe Root Complex Integrated Endpoint
[    4.834623] pci 0000:97:00.2: [8086:09a3] type 00 class 0x088000 PCIe Root Complex Integrated Endpoint
[    4.834706] pci 0000:97:00.4: [8086:0b23] type 00 class 0x080700 PCIe Root Complex Event Collector
[    4.834837] pci_bus 0000:97: on NUMA node 1
[    4.834964] ACPI: PCI Root Bridge [CX11] (domain 0000 [bus 98-a6])
[    4.834967] acpi ACPI0016:06: _OSC: OS supports [ExtendedConfig ASPM ClockPM Segments MSI EDR HPX-Type3]
[    4.834969] acpi ACPI0016:06: _OSC: OS supports [CXL11PortRegAccess CXL20PortDevRegAccess CXLProtocolErrorReporting CXLNativeHot]
[    4.846303] acpi ACPI0016:06: _OSC: platform does not support [SHPCHotplug AER DPC]
[    4.846519] acpi ACPI0016:06: _OSC: OS now controls [PCIeHotplug PME PCIeCapability LTR]
[    4.846520] acpi ACPI0016:06: _OSC: OS now controls [CXLMemErrorReporting]
[    4.846521] acpi ACPI0016:06: FADT indicates ASPM is unsupported, using BIOS configuration
[    4.846584] PCI host bridge to bus 0000:98
[    4.846585] pci_bus 0000:98: root bus resource [mem 0xd4a00000-0xdbefffff window]
[    4.846587] pci_bus 0000:98: root bus resource [mem 0xdb000000000-0xdbeffffffff window]
[    4.846588] pci_bus 0000:98: root bus resource [bus 98-a6]
[    4.846601] pci 0000:98:00.0: [1b00:c001] type 00 class 0x050210 PCIe Root Complex Integrated Endpoint
[    4.846614] pci 0000:98:00.0: BAR 0 [mem 0xdbeff000000-0xdbeffffffff 64bit pref]
[    4.846641] pci 0000:98:00.0: ROM [mem 0xd4a00000-0xd4a0ffff pref]
[    4.912137] pci_bus 0000:98: on NUMA node 1
[    4.912188] ACPI: PCI Root Bridge [PC12] (domain 0000 [bus a7])
[    4.912191] acpi PNP0A08:25: _OSC: OS supports [ExtendedConfig ASPM ClockPM Segments MSI EDR HPX-Type3]
[    4.923178] acpi PNP0A08:25: _OSC: platform does not support [SHPCHotplug AER DPC]
[    4.923590] acpi PNP0A08:25: _OSC: OS now controls [PCIeHotplug PME PCIeCapability LTR]
[    4.923591] acpi PNP0A08:25: FADT indicates ASPM is unsupported, using BIOS configuration
[    4.923757] PCI host bridge to bus 0000:a7
[    4.923758] pci_bus 0000:a7: root bus resource [io  0xc000-0xcfff window]
[    4.923760] pci_bus 0000:a7: root bus resource [mem 0xe3700000-0xe37fffff window]
[    4.923761] pci_bus 0000:a7: root bus resource [mem 0xdcf00000000-0xdcfffffffff window]
[    4.923763] pci_bus 0000:a7: root bus resource [bus a7]
[    4.923775] pci 0000:a7:00.0: [8086:09a2] type 00 class 0x088000 PCIe Root Complex Integrated Endpoint
[    4.923862] pci 0000:a7:00.1: [8086:09a4] type 00 class 0x088000 PCIe Root Complex Integrated Endpoint
[    4.923948] pci 0000:a7:00.2: [8086:09a3] type 00 class 0x088000 PCIe Root Complex Integrated Endpoint
[    4.924038] pci 0000:a7:00.4: [8086:0b23] type 00 class 0x080700 PCIe Root Complex Event Collector
[    4.924172] pci_bus 0000:a7: on NUMA node 1
[    4.924301] ACPI: PCI Root Bridge [CX12] (domain 0000 [bus a8-b6])
[    4.924303] acpi ACPI0016:07: _OSC: OS supports [ExtendedConfig ASPM ClockPM Segments MSI EDR HPX-Type3]
[    4.924305] acpi ACPI0016:07: _OSC: OS supports [CXL11PortRegAccess CXL20PortDevRegAccess CXLProtocolErrorReporting CXLNativeHot]
[    4.936055] acpi ACPI0016:07: _OSC: platform does not support [SHPCHotplug AER DPC]
[    4.936055] acpi ACPI0016:07: _OSC: OS now controls [PCIeHotplug PME PCIeCapability LTR]
[    4.936055] acpi ACPI0016:07: _OSC: OS now controls [CXLMemErrorReporting]
[    4.936055] acpi ACPI0016:07: FADT indicates ASPM is unsupported, using BIOS configuration
[    4.936055] PCI host bridge to bus 0000:a8
[    4.936055] pci_bus 0000:a8: root bus resource [mem 0xdc200000-0xe36fffff window]
[    4.936055] pci_bus 0000:a8: root bus resource [mem 0xdc000000000-0xdceffffffff window]
[    4.936055] pci_bus 0000:a8: root bus resource [bus a8-b6]
[    4.936055] pci 0000:a8:00.0: [1b00:c001] type 00 class 0x050210 PCIe Root Complex Integrated Endpoint
[    4.936055] pci 0000:a8:00.0: BAR 0 [mem 0xdceff000000-0xdceffffffff 64bit pref]
[    4.936055] pci 0000:a8:00.0: ROM [mem 0xdc200000-0xdc20ffff pref]
[    5.000135] pci_bus 0000:a8: on NUMA node 1
[    5.000183] ACPI: PCI Root Bridge [PC13] (domain 0000 [bus b7-c6])
[    5.000186] acpi PNP0A08:26: _OSC: OS supports [ExtendedConfig ASPM ClockPM Segments MSI EDR HPX-Type3]
[    5.010980] acpi PNP0A08:26: _OSC: platform does not support [SHPCHotplug AER DPC]
[    5.011388] acpi PNP0A08:26: _OSC: OS now controls [PCIeHotplug PME PCIeCapability LTR]
[    5.011389] acpi PNP0A08:26: FADT indicates ASPM is unsupported, using BIOS configuration
[    5.011562] PCI host bridge to bus 0000:b7
[    5.011563] pci_bus 0000:b7: root bus resource [io  0xd000-0xdfff window]
[    5.011564] pci_bus 0000:b7: root bus resource [mem 0xe3800000-0xeaffffff window]
[    5.011565] pci_bus 0000:b7: root bus resource [mem 0xdd000000000-0xddfffffffff window]
[    5.011567] pci_bus 0000:b7: root bus resource [bus b7-c6]
[    5.011579] pci 0000:b7:00.0: [8086:09a2] type 00 class 0x088000 PCIe Root Complex Integrated Endpoint
[    5.011671] pci 0000:b7:00.1: [8086:09a4] type 00 class 0x088000 PCIe Root Complex Integrated Endpoint
[    5.011758] pci 0000:b7:00.2: [8086:09a3] type 00 class 0x088000 PCIe Root Complex Integrated Endpoint
[    5.011851] pci 0000:b7:00.4: [8086:0b23] type 00 class 0x080700 PCIe Root Complex Event Collector
[    5.011991] pci 0000:b7:01.0: [8086:352a] type 01 class 0x060400 PCIe Root Port
[    5.012006] pci 0000:b7:01.0: BAR 0 [mem 0xddffff00000-0xddffff1ffff 64bit]
[    5.012014] pci 0000:b7:01.0: PCI bridge to [bus b8]
[    5.012033] pci 0000:b7:01.0: enabling Extended Tags
[    5.012105] pci 0000:b7:01.0: PME# supported from D0 D3hot D3cold
[    5.012146] pci 0000:b7:01.0: PTM enabled (root), 2ns granularity
[    5.012659] pci 0000:b7:01.0: PCI bridge to [bus b8]
[    5.012673] pci_bus 0000:b7: on NUMA node 1
[    5.012816] ACPI: PCI Root Bridge [PC14] (domain 0000 [bus c7-d6])
[    5.012819] acpi PNP0A08:27: _OSC: OS supports [ExtendedConfig ASPM ClockPM Segments MSI EDR HPX-Type3]
[    5.024418] acpi PNP0A08:27: _OSC: platform does not support [SHPCHotplug AER DPC]
[    5.024828] acpi PNP0A08:27: _OSC: OS now controls [PCIeHotplug PME PCIeCapability LTR]
[    5.024829] acpi PNP0A08:27: FADT indicates ASPM is unsupported, using BIOS configuration
[    5.025022] PCI host bridge to bus 0000:c7
[    5.025023] pci_bus 0000:c7: root bus resource [io  0xe000-0xefff window]
[    5.025024] pci_bus 0000:c7: root bus resource [mem 0xeb000000-0xf23fffff window]
[    5.025025] pci_bus 0000:c7: root bus resource [mem 0xde000000000-0xdefffffffff window]
[    5.025027] pci_bus 0000:c7: root bus resource [bus c7-d6]
[    5.025039] pci 0000:c7:00.0: [8086:09a2] type 00 class 0x088000 PCIe Root Complex Integrated Endpoint
[    5.025136] pci 0000:c7:00.1: [8086:09a4] type 00 class 0x088000 PCIe Root Complex Integrated Endpoint
[    5.025227] pci 0000:c7:00.2: [8086:09a3] type 00 class 0x088000 PCIe Root Complex Integrated Endpoint
[    5.025320] pci 0000:c7:00.4: [8086:0b23] type 00 class 0x080700 PCIe Root Complex Event Collector
[    5.025464] pci_bus 0000:c7: on NUMA node 1
[    5.025603] ACPI: PCI Root Bridge [PC15] (domain 0000 [bus d7-e6])
[    5.025605] acpi PNP0A08:28: _OSC: OS supports [ExtendedConfig ASPM ClockPM Segments MSI EDR HPX-Type3]
[    5.037197] acpi PNP0A08:28: _OSC: platform does not support [SHPCHotplug AER DPC]
[    5.037603] acpi PNP0A08:28: _OSC: OS now controls [PCIeHotplug PME PCIeCapability LTR]
[    5.037605] acpi PNP0A08:28: FADT indicates ASPM is unsupported, using BIOS configuration
[    5.037768] PCI host bridge to bus 0000:d7
[    5.037769] pci_bus 0000:d7: root bus resource [io  0xf000-0xffff window]
[    5.037770] pci_bus 0000:d7: root bus resource [mem 0xf2400000-0xf97fffff window]
[    5.037771] pci_bus 0000:d7: root bus resource [mem 0xdf000000000-0xdffffffffff window]
[    5.037773] pci_bus 0000:d7: root bus resource [bus d7-e6]
